Archive member included to satisfy reference by file (symbol)

/usr/lib/gcc/arm-none-eabi/6.3.1/thumb/v6-m/libgcc.a(_dvmd_tls.o)
                              CMakeFiles/nascom_multiboard.dir/home/crook/retro/rasp_pi_pico/pico-sdk/src/rp2_common/pico_divider/divider.S.obj (__aeabi_idiv0)
/usr/lib/gcc/arm-none-eabi/6.3.1/../../../arm-none-eabi/lib/thumb/v6-m/libc.a(lib_a-atexit.o)
                              /usr/lib/gcc/arm-none-eabi/6.3.1/../../../arm-none-eabi/lib/thumb/v6-m/crt0.o (atexit)
/usr/lib/gcc/arm-none-eabi/6.3.1/../../../arm-none-eabi/lib/thumb/v6-m/libc.a(lib_a-calloc.o)
                              CMakeFiles/nascom_multiboard.dir/home/crook/retro/rasp_pi_pico/pico-sdk/src/rp2_common/pico_malloc/pico_malloc.c.obj (calloc)
/usr/lib/gcc/arm-none-eabi/6.3.1/../../../arm-none-eabi/lib/thumb/v6-m/libc.a(lib_a-callocr.o)
                              /usr/lib/gcc/arm-none-eabi/6.3.1/../../../arm-none-eabi/lib/thumb/v6-m/libc.a(lib_a-calloc.o) (_calloc_r)
/usr/lib/gcc/arm-none-eabi/6.3.1/../../../arm-none-eabi/lib/thumb/v6-m/libc.a(lib_a-fini.o)
                              /usr/lib/gcc/arm-none-eabi/6.3.1/../../../arm-none-eabi/lib/thumb/v6-m/crt0.o (__libc_fini_array)
/usr/lib/gcc/arm-none-eabi/6.3.1/../../../arm-none-eabi/lib/thumb/v6-m/libc.a(lib_a-impure.o)
                              CMakeFiles/nascom_multiboard.dir/home/crook/retro/rasp_pi_pico/pico-sdk/src/common/pico_util/pheap.c.obj (_impure_ptr)
/usr/lib/gcc/arm-none-eabi/6.3.1/../../../arm-none-eabi/lib/thumb/v6-m/libc.a(lib_a-init.o)
                              /usr/lib/gcc/arm-none-eabi/6.3.1/../../../arm-none-eabi/lib/thumb/v6-m/crt0.o (__libc_init_array)
/usr/lib/gcc/arm-none-eabi/6.3.1/../../../arm-none-eabi/lib/thumb/v6-m/libc.a(lib_a-malloc.o)
                              CMakeFiles/nascom_multiboard.dir/home/crook/retro/rasp_pi_pico/pico-sdk/src/rp2_common/pico_malloc/pico_malloc.c.obj (malloc)
/usr/lib/gcc/arm-none-eabi/6.3.1/../../../arm-none-eabi/lib/thumb/v6-m/libc.a(lib_a-mallocr.o)
                              /usr/lib/gcc/arm-none-eabi/6.3.1/../../../arm-none-eabi/lib/thumb/v6-m/libc.a(lib_a-callocr.o) (_malloc_r)
/usr/lib/gcc/arm-none-eabi/6.3.1/../../../arm-none-eabi/lib/thumb/v6-m/libc.a(lib_a-mlock.o)
                              /usr/lib/gcc/arm-none-eabi/6.3.1/../../../arm-none-eabi/lib/thumb/v6-m/libc.a(lib_a-mallocr.o) (__malloc_lock)
/usr/lib/gcc/arm-none-eabi/6.3.1/../../../arm-none-eabi/lib/thumb/v6-m/libc.a(lib_a-realloc.o)
                              CMakeFiles/nascom_multiboard.dir/home/crook/retro/rasp_pi_pico/pico-sdk/src/rp2_common/pico_malloc/pico_malloc.c.obj (realloc)
/usr/lib/gcc/arm-none-eabi/6.3.1/../../../arm-none-eabi/lib/thumb/v6-m/libc.a(lib_a-reallocr.o)
                              /usr/lib/gcc/arm-none-eabi/6.3.1/../../../arm-none-eabi/lib/thumb/v6-m/libc.a(lib_a-realloc.o) (_realloc_r)
/usr/lib/gcc/arm-none-eabi/6.3.1/../../../arm-none-eabi/lib/thumb/v6-m/libc.a(lib_a-sbrkr.o)
                              /usr/lib/gcc/arm-none-eabi/6.3.1/../../../arm-none-eabi/lib/thumb/v6-m/libc.a(lib_a-mallocr.o) (_sbrk_r)
/usr/lib/gcc/arm-none-eabi/6.3.1/../../../arm-none-eabi/lib/thumb/v6-m/libc.a(lib_a-strlen-stub.o)
                              CMakeFiles/nascom_multiboard.dir/home/crook/retro/rasp_pi_pico/pico-sdk/src/rp2_common/pico_stdio/stdio.c.obj (strlen)
/usr/lib/gcc/arm-none-eabi/6.3.1/../../../arm-none-eabi/lib/thumb/v6-m/libc.a(lib_a-wbuf.o)
                              CMakeFiles/nascom_multiboard.dir/home/crook/retro/rasp_pi_pico/pico-sdk/src/common/pico_util/pheap.c.obj (__swbuf_r)
/usr/lib/gcc/arm-none-eabi/6.3.1/../../../arm-none-eabi/lib/thumb/v6-m/libc.a(lib_a-wsetup.o)
                              /usr/lib/gcc/arm-none-eabi/6.3.1/../../../arm-none-eabi/lib/thumb/v6-m/libc.a(lib_a-wbuf.o) (__swsetup_r)
/usr/lib/gcc/arm-none-eabi/6.3.1/../../../arm-none-eabi/lib/thumb/v6-m/libc.a(lib_a-__atexit.o)
                              /usr/lib/gcc/arm-none-eabi/6.3.1/../../../arm-none-eabi/lib/thumb/v6-m/libc.a(lib_a-atexit.o) (__register_exitproc)
/usr/lib/gcc/arm-none-eabi/6.3.1/../../../arm-none-eabi/lib/thumb/v6-m/libc.a(lib_a-fflush.o)
                              /usr/lib/gcc/arm-none-eabi/6.3.1/../../../arm-none-eabi/lib/thumb/v6-m/libc.a(lib_a-wbuf.o) (_fflush_r)
/usr/lib/gcc/arm-none-eabi/6.3.1/../../../arm-none-eabi/lib/thumb/v6-m/libc.a(lib_a-findfp.o)
                              /usr/lib/gcc/arm-none-eabi/6.3.1/../../../arm-none-eabi/lib/thumb/v6-m/libc.a(lib_a-wbuf.o) (__sinit)
/usr/lib/gcc/arm-none-eabi/6.3.1/../../../arm-none-eabi/lib/thumb/v6-m/libc.a(lib_a-freer.o)
                              /usr/lib/gcc/arm-none-eabi/6.3.1/../../../arm-none-eabi/lib/thumb/v6-m/libc.a(lib_a-malloc.o) (_free_r)
/usr/lib/gcc/arm-none-eabi/6.3.1/../../../arm-none-eabi/lib/thumb/v6-m/libc.a(lib_a-fwalk.o)
                              /usr/lib/gcc/arm-none-eabi/6.3.1/../../../arm-none-eabi/lib/thumb/v6-m/libc.a(lib_a-findfp.o) (_fwalk)
[...]
Memory Configuration

Name             Origin             Length             Attributes
FLASH            0x0000000010000000 0x0000000000200000 xr
RAM              0x0000000020000000 0x0000000000040000 xrw
SCRATCH_X        0x0000000020040000 0x0000000000001000 xrw
SCRATCH_Y        0x0000000020041000 0x0000000000001000 xrw
*default*        0x0000000000000000 0xffffffffffffffff

Linker script and memory map

LOAD /usr/lib/gcc/arm-none-eabi/6.3.1/thumb/v6-m/crti.o
LOAD /usr/lib/gcc/arm-none-eabi/6.3.1/thumb/v6-m/crtbegin.o
LOAD /usr/lib/gcc/arm-none-eabi/6.3.1/../../../arm-none-eabi/lib/thumb/v6-m/crt0.o

.flash_begin    0x0000000010000000        0x0
                0x0000000010000000                __flash_binary_start = .

.boot2          0x0000000010000000      0x100
                0x0000000010000000                __boot2_start__ = .
 *(.boot2)
 .boot2         0x0000000010000000      0x100 /tmp/cco1gJi6.o
                0x0000000010000100                __boot2_end__ = .
                0x0000000000000001                ASSERT (((__boot2_end__ - __boot2_start__) == 0x100), ERROR: Pico second stage bootloader must be 256 bytes in size)

.text           0x0000000010000100     0x8d78
                0x0000000010000100                __logical_binary_start = .
 *(.vectors)
 .vectors       0x0000000010000100       0xd4 CMakeFiles/nascom_multiboard.dir/home/crook/retro/rasp_pi_pico/pico-sdk/src/rp2_common/pico_standard_link/crt0.S.obj
                0x0000000010000100                __vectors
                0x0000000010000100                __VECTOR_TABLE
                0x00000000100001c0                isr_invalid
                0x00000000100001c0                __default_isrs_start
                0x00000000100001c2                isr_nmi
                0x00000000100001c4                isr_hardfault
                0x00000000100001c6                isr_svcall
                0x00000000100001c8                isr_pendsv
                0x00000000100001ca                isr_systick
                0x00000000100001cc                isr_irq30
                0x00000000100001cc                __unhandled_user_irq
                0x00000000100001cc                isr_irq13
                0x00000000100001cc                isr_irq27
                0x00000000100001cc                isr_irq31
                0x00000000100001cc                isr_irq5
                0x00000000100001cc                isr_irq11
                0x00000000100001cc                isr_irq23
                0x00000000100001cc                isr_irq18
                0x00000000100001cc                isr_irq28
                0x00000000100001cc                isr_irq19
                0x00000000100001cc                isr_irq0
                0x00000000100001cc                isr_irq6
                0x00000000100001cc                isr_irq22
                0x00000000100001cc                isr_irq17
                0x00000000100001cc                isr_irq14
                0x00000000100001cc                isr_irq2
                0x00000000100001cc                isr_irq10
                0x00000000100001cc                isr_irq8
                0x00000000100001cc                isr_irq24
                0x00000000100001cc                isr_irq1
                0x00000000100001cc                isr_irq7
                0x00000000100001cc                isr_irq21
                0x00000000100001cc                isr_irq20
                0x00000000100001cc                isr_irq15
                0x00000000100001cc                isr_irq25
                0x00000000100001cc                isr_irq4
                0x00000000100001cc                isr_irq16
                0x00000000100001cc                isr_irq29
                0x00000000100001cc                isr_irq26
                0x00000000100001cc                __default_isrs_end
                0x00000000100001cc                isr_irq3
                0x00000000100001cc                isr_irq12
                0x00000000100001cc                isr_irq9
                0x00000000100001d2                unhandled_user_irq_num_in_r0
 *(.binary_info_header)
 .binary_info_header
                0x00000000100001d4       0x14 CMakeFiles/nascom_multiboard.dir/home/crook/retro/rasp_pi_pico/pico-sdk/src/rp2_common/pico_standard_link/crt0.S.obj
                0x00000000100001e8                __binary_info_header_end = .
 *(.reset)
 .reset         0x00000000100001e8       0xa8 CMakeFiles/nascom_multiboard.dir/home/crook/retro/rasp_pi_pico/pico-sdk/src/rp2_common/pico_standard_link/crt0.S.obj
                0x00000000100001e8                _entry_point
                0x0000000010000266                __get_current_exception
 .reset         0x0000000010000290       0x30 CMakeFiles/nascom_multiboard.dir/home/crook/retro/rasp_pi_pico/pico-sdk/src/rp2_common/pico_standard_link/binary_info.c.obj
 *(.init)
 .init          0x00000000100002c0        0x4 /usr/lib/gcc/arm-none-eabi/6.3.1/thumb/v6-m/crti.o
                0x00000000100002c0                _init
 *(EXCLUDE_FILE(*libm.a: *libc.a:*lib_a-mem*.o *libgcc.a:) .text*)
 .text          0x00000000100002c4       0xb4 /usr/lib/gcc/arm-none-eabi/6.3.1/thumb/v6-m/crtbegin.o
 .text.nascom_kbd_core1
                0x0000000010000378       0x60 CMakeFiles/nascom_multiboard.dir/nascom_multiboard.c.obj
 .text.startup.main
                0x00000000100003d8      0x2c8 CMakeFiles/nascom_multiboard.dir/nascom_multiboard.c.obj
                0x00000000100003d8                main
 .text.gpio_set_pulls
                0x00000000100006a0       0x34 CMakeFiles/nascom_multiboard.dir/home/crook/retro/rasp_pi_pico/pico-sdk/src/rp2_common/hardware_gpio/gpio.c.obj
                0x00000000100006a0                gpio_set_pulls
 .text.gpio_init_mask
                0x00000000100006d4       0x68 CMakeFiles/nascom_multiboard.dir/home/crook/retro/rasp_pi_pico/pico-sdk/src/rp2_common/hardware_gpio/gpio.c.obj
                0x00000000100006d4                gpio_init_mask
 .text.hw_claim_or_assert
                0x000000001000073c       0x44 CMakeFiles/nascom_multiboard.dir/home/crook/retro/rasp_pi_pico/pico-sdk/src/rp2_common/hardware_claim/claim.c.obj
                0x000000001000073c                hw_claim_or_assert
 .text.hw_claim_unused_from_range
                0x0000000010000780       0x8c CMakeFiles/nascom_multiboard.dir/home/crook/retro/rasp_pi_pico/pico-sdk/src/rp2_common/hardware_claim/claim.c.obj
                0x0000000010000780                hw_claim_unused_from_range
 .text.running_on_fpga
                0x000000001000080c       0x10 CMakeFiles/nascom_multiboard.dir/home/crook/retro/rasp_pi_pico/pico-sdk/src/rp2_common/pico_platform/platform.c.obj
                0x000000001000080c                running_on_fpga
 .text.spin_locks_reset
                0x000000001000081c       0x1c CMakeFiles/nascom_multiboard.dir/home/crook/retro/rasp_pi_pico/pico-sdk/src/rp2_common/hardware_sync/sync.c.obj
                0x000000001000081c                spin_locks_reset
 .text.next_striped_spin_lock_num
                0x0000000010000838       0x18 CMakeFiles/nascom_multiboard.dir/home/crook/retro/rasp_pi_pico/pico-sdk/src/rp2_common/hardware_sync/sync.c.obj
                0x0000000010000838                next_striped_spin_lock_num
 .text.spin_lock_claim_unused
                0x0000000010000850       0x20 CMakeFiles/nascom_multiboard.dir/home/crook/retro/rasp_pi_pico/pico-sdk/src/rp2_common/hardware_sync/sync.c.obj
                0x0000000010000850                spin_lock_claim_unused
 .text.irq_set_enabled
                0x0000000010000870       0x24 CMakeFiles/nascom_multiboard.dir/home/crook/retro/rasp_pi_pico/pico-sdk/src/rp2_common/hardware_irq/irq.c.obj
                0x0000000010000870                irq_set_enabled
 .text.irq_is_enabled
                0x0000000010000894       0x18 CMakeFiles/nascom_multiboard.dir/home/crook/retro/rasp_pi_pico/pico-sdk/src/rp2_common/hardware_irq/irq.c.obj
                0x0000000010000894                irq_is_enabled
 .text.irq_set_pending
                0x00000000100008ac       0x10 CMakeFiles/nascom_multiboard.dir/home/crook/retro/rasp_pi_pico/pico-sdk/src/rp2_common/hardware_irq/irq.c.obj
                0x00000000100008ac                irq_set_pending
 .text.irq_has_shared_handler
                0x00000000100008bc       0x2c CMakeFiles/nascom_multiboard.dir/home/crook/retro/rasp_pi_pico/pico-sdk/src/rp2_common/hardware_irq/irq.c.obj
                0x00000000100008bc                irq_has_shared_handler
 .text.irq_get_vtable_handler
                0x00000000100008e8       0x10 CMakeFiles/nascom_multiboard.dir/home/crook/retro/rasp_pi_pico/pico-sdk/src/rp2_common/hardware_irq/irq.c.obj
                0x00000000100008e8                irq_get_vtable_handler
 .text.irq_set_exclusive_handler
                0x00000000100008f8       0x54 CMakeFiles/nascom_multiboard.dir/home/crook/retro/rasp_pi_pico/pico-sdk/src/rp2_common/hardware_irq/irq.c.obj
                0x00000000100008f8                irq_set_exclusive_handler
 .text.irq_add_shared_handler
                0x000000001000094c      0x1cc CMakeFiles/nascom_multiboard.dir/home/crook/retro/rasp_pi_pico/pico-sdk/src/rp2_common/hardware_irq/irq.c.obj
                0x000000001000094c                irq_add_shared_handler
 .text.irq_remove_handler
                0x0000000010000b18      0x1b8 CMakeFiles/nascom_multiboard.dir/home/crook/retro/rasp_pi_pico/pico-sdk/src/rp2_common/hardware_irq/irq.c.obj
                0x0000000010000b18                irq_remove_handler
 .text.irq_add_tail_to_free_list
                0x0000000010000cd0       0xb4 CMakeFiles/nascom_multiboard.dir/home/crook/retro/rasp_pi_pico/pico-sdk/src/rp2_common/hardware_irq/irq.c.obj
                0x0000000010000cd0                irq_add_tail_to_free_list
 .text.irq_init_priorities
                0x0000000010000d84       0x48 CMakeFiles/nascom_multiboard.dir/home/crook/retro/rasp_pi_pico/pico-sdk/src/rp2_common/hardware_irq/irq.c.obj
                0x0000000010000d84                irq_init_priorities
 .text.user_irq_claim_unused
                0x0000000010000dcc       0x30 CMakeFiles/nascom_multiboard.dir/home/crook/retro/rasp_pi_pico/pico-sdk/src/rp2_common/hardware_irq/irq.c.obj
                0x0000000010000dcc                user_irq_claim_unused
 .text.lock_init
                0x0000000010000dfc       0x10 CMakeFiles/nascom_multiboard.dir/home/crook/retro/rasp_pi_pico/pico-sdk/src/common/pico_sync/lock_core.c.obj
                0x0000000010000dfc                lock_init
 .text.timer_pool_entry_comparator
                0x0000000010000e0c       0x34 CMakeFiles/nascom_multiboard.dir/home/crook/retro/rasp_pi_pico/pico-sdk/src/common/pico_time/time.c.obj
                0x0000000010000e0c                timer_pool_entry_comparator
 .text.sleep_until_callback
                0x0000000010000e40       0x30 CMakeFiles/nascom_multiboard.dir/home/crook/retro/rasp_pi_pico/pico-sdk/src/common/pico_time/time.c.obj
 .text.add_alarm_under_lock
                0x0000000010000e70      0x124 CMakeFiles/nascom_multiboard.dir/home/crook/retro/rasp_pi_pico/pico-sdk/src/common/pico_time/time.c.obj
 .text.alarm_pool_alarm_callback
                0x0000000010000f94      0x1dc CMakeFiles/nascom_multiboard.dir/home/crook/retro/rasp_pi_pico/pico-sdk/src/common/pico_time/time.c.obj
 .text.alarm_pool_init_default
                0x0000000010001170       0x64 CMakeFiles/nascom_multiboard.dir/home/crook/retro/rasp_pi_pico/pico-sdk/src/common/pico_time/time.c.obj
                0x0000000010001170                alarm_pool_init_default
 .text.alarm_pool_get_default
                0x00000000100011d4        0x8 CMakeFiles/nascom_multiboard.dir/home/crook/retro/rasp_pi_pico/pico-sdk/src/common/pico_time/time.c.obj
                0x00000000100011d4                alarm_pool_get_default
 .text.alarm_pool_add_alarm_at
                0x00000000100011dc      0x1a0 CMakeFiles/nascom_multiboard.dir/home/crook/retro/rasp_pi_pico/pico-sdk/src/common/pico_time/time.c.obj
                0x00000000100011dc                alarm_pool_add_alarm_at
 .text.sleep_until
                0x000000001000137c      0x1e4 CMakeFiles/nascom_multiboard.dir/home/crook/retro/rasp_pi_pico/pico-sdk/src/common/pico_time/time.c.obj
                0x000000001000137c                sleep_until
 .text.sleep_ms
                0x0000000010001560       0x38 CMakeFiles/nascom_multiboard.dir/home/crook/retro/rasp_pi_pico/pico-sdk/src/common/pico_time/time.c.obj
                0x0000000010001560                sleep_ms
 .text.best_effort_wfe_or_timeout
                0x0000000010001598      0x1c8 CMakeFiles/nascom_multiboard.dir/home/crook/retro/rasp_pi_pico/pico-sdk/src/common/pico_time/time.c.obj
                0x0000000010001598                best_effort_wfe_or_timeout
 .text.hardware_alarm_irq_handler
                0x0000000010001760       0xa0 CMakeFiles/nascom_multiboard.dir/home/crook/retro/rasp_pi_pico/pico-sdk/src/rp2_common/hardware_timer/timer.c.obj
 .text.hardware_alarm_claim
                0x0000000010001800       0x18 CMakeFiles/nascom_multiboard.dir/home/crook/retro/rasp_pi_pico/pico-sdk/src/rp2_common/hardware_timer/timer.c.obj
                0x0000000010001800                hardware_alarm_claim
 .text.time_us_64
                0x0000000010001818       0x18 CMakeFiles/nascom_multiboard.dir/home/crook/retro/rasp_pi_pico/pico-sdk/src/rp2_common/hardware_timer/timer.c.obj
                0x0000000010001818                time_us_64
 .text.busy_wait_us
                0x0000000010001830       0x54 CMakeFiles/nascom_multiboard.dir/home/crook/retro/rasp_pi_pico/pico-sdk/src/rp2_common/hardware_timer/timer.c.obj
                0x0000000010001830                busy_wait_us
 .text.busy_wait_until
                0x0000000010001884       0x20 CMakeFiles/nascom_multiboard.dir/home/crook/retro/rasp_pi_pico/pico-sdk/src/rp2_common/hardware_timer/timer.c.obj
                0x0000000010001884                busy_wait_until
 .text.hardware_alarm_set_callback
                0x00000000100018a4       0x8c CMakeFiles/nascom_multiboard.dir/home/crook/retro/rasp_pi_pico/pico-sdk/src/rp2_common/hardware_timer/timer.c.obj
                0x00000000100018a4                hardware_alarm_set_callback
 .text.hardware_alarm_set_target
                0x0000000010001930       0xdc CMakeFiles/nascom_multiboard.dir/home/crook/retro/rasp_pi_pico/pico-sdk/src/rp2_common/hardware_timer/timer.c.obj
                0x0000000010001930                hardware_alarm_set_target
 .text.hardware_alarm_cancel
                0x0000000010001a0c       0x40 CMakeFiles/nascom_multiboard.dir/home/crook/retro/rasp_pi_pico/pico-sdk/src/rp2_common/hardware_timer/timer.c.obj
                0x0000000010001a0c                hardware_alarm_cancel
 .text.ph_merge_two_pass.part.3
                0x0000000010001a4c      0x18c CMakeFiles/nascom_multiboard.dir/home/crook/retro/rasp_pi_pico/pico-sdk/src/common/pico_util/pheap.c.obj
 .text.ph_post_alloc_init
                0x0000000010001bd8       0x3c CMakeFiles/nascom_multiboard.dir/home/crook/retro/rasp_pi_pico/pico-sdk/src/common/pico_util/pheap.c.obj
                0x0000000010001bd8                ph_post_alloc_init
 .text.ph_remove_head
                0x0000000010001c14      0x158 CMakeFiles/nascom_multiboard.dir/home/crook/retro/rasp_pi_pico/pico-sdk/src/common/pico_util/pheap.c.obj
                0x0000000010001c14                ph_remove_head
 .text.ph_remove_and_free_node
                0x0000000010001d6c      0x254 CMakeFiles/nascom_multiboard.dir/home/crook/retro/rasp_pi_pico/pico-sdk/src/common/pico_util/pheap.c.obj
                0x0000000010001d6c                ph_remove_and_free_node
 .text.mutex_init
                0x0000000010001fc0       0x1c CMakeFiles/nascom_multiboard.dir/home/crook/retro/rasp_pi_pico/pico-sdk/src/common/pico_sync/mutex.c.obj
                0x0000000010001fc0                mutex_init
 .text.recursive_mutex_init
                0x0000000010001fdc       0x20 CMakeFiles/nascom_multiboard.dir/home/crook/retro/rasp_pi_pico/pico-sdk/src/common/pico_sync/mutex.c.obj
                0x0000000010001fdc                recursive_mutex_init
 .text.critical_section_init
                0x0000000010001ffc       0x20 CMakeFiles/nascom_multiboard.dir/home/crook/retro/rasp_pi_pico/pico-sdk/src/common/pico_sync/critical_section.c.obj
                0x0000000010001ffc                critical_section_init
 .text.runtime_init
                0x000000001000201c       0xf4 CMakeFiles/nascom_multiboard.dir/home/crook/retro/rasp_pi_pico/pico-sdk/src/rp2_common/pico_runtime/runtime.c.obj
                0x000000001000201c                runtime_init
 .text._sbrk    0x0000000010002110       0x34 CMakeFiles/nascom_multiboard.dir/home/crook/retro/rasp_pi_pico/pico-sdk/src/rp2_common/pico_runtime/runtime.c.obj
                0x0000000010002110                _sbrk
 .text.exit     0x0000000010002144        0x4 CMakeFiles/nascom_multiboard.dir/home/crook/retro/rasp_pi_pico/pico-sdk/src/rp2_common/pico_runtime/runtime.c.obj
                0x0000000010002144                exit
 .text.panic    0x0000000010002148       0x30 CMakeFiles/nascom_multiboard.dir/home/crook/retro/rasp_pi_pico/pico-sdk/src/rp2_common/pico_runtime/runtime.c.obj
                0x0000000010002148                panic
 .text.hard_assertion_failure
                0x0000000010002178        0xc CMakeFiles/nascom_multiboard.dir/home/crook/retro/rasp_pi_pico/pico-sdk/src/rp2_common/pico_runtime/runtime.c.obj
                0x0000000010002178                hard_assertion_failure
 .text.clocks_init
                0x0000000010002184      0x2c8 CMakeFiles/nascom_multiboard.dir/home/crook/retro/rasp_pi_pico/pico-sdk/src/rp2_common/hardware_clocks/clocks.c.obj
                0x0000000010002184                clocks_init
 .text.pll_init
                0x000000001000244c       0x9c CMakeFiles/nascom_multiboard.dir/home/crook/retro/rasp_pi_pico/pico-sdk/src/rp2_common/hardware_pll/pll.c.obj
                0x000000001000244c                pll_init
 .text.watchdog_start_tick
                0x00000000100024e8       0x10 CMakeFiles/nascom_multiboard.dir/home/crook/retro/rasp_pi_pico/pico-sdk/src/rp2_common/hardware_watchdog/watchdog.c.obj
                0x00000000100024e8                watchdog_start_tick
 .text.watchdog_reboot
                0x00000000100024f8       0x94 CMakeFiles/nascom_multiboard.dir/home/crook/retro/rasp_pi_pico/pico-sdk/src/rp2_common/hardware_watchdog/watchdog.c.obj
                0x00000000100024f8                watchdog_reboot
 .text.xosc_init
                0x000000001000258c       0x28 CMakeFiles/nascom_multiboard.dir/home/crook/retro/rasp_pi_pico/pico-sdk/src/rp2_common/hardware_xosc/xosc.c.obj
                0x000000001000258c                xosc_init
 .text._out_null
                0x00000000100025b4        0x4 CMakeFiles/nascom_multiboard.dir/home/crook/retro/rasp_pi_pico/pico-sdk/src/rp2_common/pico_printf/printf.c.obj
 .text._out_fct
                0x00000000100025b8       0x10 CMakeFiles/nascom_multiboard.dir/home/crook/retro/rasp_pi_pico/pico-sdk/src/rp2_common/pico_printf/printf.c.obj
 .text._out_char
                0x00000000100025c8       0x3c CMakeFiles/nascom_multiboard.dir/home/crook/retro/rasp_pi_pico/pico-sdk/src/rp2_common/pico_printf/printf.c.obj
 .text._ntoa_format
                0x0000000010002604      0x214 CMakeFiles/nascom_multiboard.dir/home/crook/retro/rasp_pi_pico/pico-sdk/src/rp2_common/pico_printf/printf.c.obj
 .text._ftoa    0x0000000010002818      0x6c4 CMakeFiles/nascom_multiboard.dir/home/crook/retro/rasp_pi_pico/pico-sdk/src/rp2_common/pico_printf/printf.c.obj
 .text._etoa.part.1
                0x0000000010002edc      0x3e0 CMakeFiles/nascom_multiboard.dir/home/crook/retro/rasp_pi_pico/pico-sdk/src/rp2_common/pico_printf/printf.c.obj
 .text._vsnprintf
                0x00000000100032bc      0xb30 CMakeFiles/nascom_multiboard.dir/home/crook/retro/rasp_pi_pico/pico-sdk/src/rp2_common/pico_printf/printf.c.obj
 .text.vfctprintf
                0x0000000010003dec       0x20 CMakeFiles/nascom_multiboard.dir/home/crook/retro/rasp_pi_pico/pico-sdk/src/rp2_common/pico_printf/printf.c.obj
                0x0000000010003dec                vfctprintf
 .text.weak_raw_vprintf
                0x0000000010003e0c       0x30 CMakeFiles/nascom_multiboard.dir/home/crook/retro/rasp_pi_pico/pico-sdk/src/rp2_common/pico_printf/printf.c.obj
                0x0000000010003e0c                weak_raw_vprintf
 .text          0x0000000010003e3c       0x10 CMakeFiles/nascom_multiboard.dir/home/crook/retro/rasp_pi_pico/pico-sdk/src/rp2_common/pico_bit_ops/bit_ops_aeabi.S.obj
 .text.rom_func_lookup
                0x0000000010003e4c       0x10 CMakeFiles/nascom_multiboard.dir/home/crook/retro/rasp_pi_pico/pico-sdk/src/rp2_common/pico_bootrom/bootrom.c.obj
                0x0000000010003e4c                rom_func_lookup
 .text.rom_data_lookup
                0x0000000010003e5c       0x10 CMakeFiles/nascom_multiboard.dir/home/crook/retro/rasp_pi_pico/pico-sdk/src/rp2_common/pico_bootrom/bootrom.c.obj
                0x0000000010003e5c                rom_data_lookup
 .text.rom_funcs_lookup
                0x0000000010003e6c       0x44 CMakeFiles/nascom_multiboard.dir/home/crook/retro/rasp_pi_pico/pico-sdk/src/rp2_common/pico_bootrom/bootrom.c.obj
                0x0000000010003e6c                rom_funcs_lookup
 .text.__wrap___aeabi_idiv
                0x0000000010003eb0       0x50 CMakeFiles/nascom_multiboard.dir/home/crook/retro/rasp_pi_pico/pico-sdk/src/rp2_common/pico_divider/divider.S.obj
                0x0000000010003eb0                __wrap___aeabi_idivmod
                0x0000000010003eb0                divmod_s32s32
                0x0000000010003eb0                div_s32s32
                0x0000000010003eb0                __wrap___aeabi_idiv
                0x0000000010003eb8                divmod_s32s32_unsafe
                0x0000000010003ee4                divmod_s32s32_savestate
 .text.__wrap___aeabi_uidiv
                0x0000000010003f00       0x4c CMakeFiles/nascom_multiboard.dir/home/crook/retro/rasp_pi_pico/pico-sdk/src/rp2_common/pico_divider/divider.S.obj
                0x0000000010003f00                __wrap___aeabi_uidiv
                0x0000000010003f00                __wrap___aeabi_uidivmod
                0x0000000010003f00                div_u32u32
                0x0000000010003f00                divmod_u32u32
                0x0000000010003f08                divmod_u32u32_unsafe
                0x0000000010003f30                divmod_u32u32_savestate
 .text.__wrap___aeabi_ldiv
                0x0000000010003f4c      0x434 CMakeFiles/nascom_multiboard.dir/home/crook/retro/rasp_pi_pico/pico-sdk/src/rp2_common/pico_divider/divider.S.obj
                0x0000000010003f4c                div_s64s64
                0x0000000010003f4c                divmod_s64s64
                0x0000000010003f4c                __wrap___aeabi_ldivmod
                0x0000000010003f84                div_u64u64
                0x0000000010003f84                divmod_u64u64
                0x0000000010003f84                __wrap___aeabi_uldivmod
                0x0000000010003f94                divmod_u64u64_savestate
                0x0000000010003fbc                divmod_s64s64_unsafe
                0x0000000010004044                divmod_u64u64_unsafe
 .text.__wrap___aeabi_darithmetic
                0x0000000010004380       0x80 CMakeFiles/nascom_multiboard.dir/home/crook/retro/rasp_pi_pico/pico-sdk/src/rp2_common/pico_double/double_aeabi.S.obj
                0x0000000010004380                __wrap___aeabi_drsub
                0x0000000010004386                __wrap___aeabi_dsub
                0x0000000010004398                __wrap___aeabi_dadd
                0x00000000100043aa                __wrap___aeabi_ddiv
                0x00000000100043e6                __wrap___aeabi_dmul
 .text.__wrap___aeabi_cdcmple
                0x0000000010004400       0x6c CMakeFiles/nascom_multiboard.dir/home/crook/retro/rasp_pi_pico/pico-sdk/src/rp2_common/pico_double/double_aeabi.S.obj
                0x0000000010004400                __wrap___aeabi_cdrcmple
                0x0000000010004410                __wrap___aeabi_cdcmple
                0x0000000010004410                __wrap___aeabi_cdcmpeq
 .text.__wrap___aeabi_dcmplt
                0x000000001000446c        0xc CMakeFiles/nascom_multiboard.dir/home/crook/retro/rasp_pi_pico/pico-sdk/src/rp2_common/pico_double/double_aeabi.S.obj
                0x000000001000446c                __wrap___aeabi_dcmplt
 .text.__wrap___aeabi_dcmpge
                0x0000000010004478       0x10 CMakeFiles/nascom_multiboard.dir/home/crook/retro/rasp_pi_pico/pico-sdk/src/rp2_common/pico_double/double_aeabi.S.obj
                0x0000000010004478                __wrap___aeabi_dcmpge
 .text.__wrap___aeabi_dcmpgt
                0x0000000010004488        0xa CMakeFiles/nascom_multiboard.dir/home/crook/retro/rasp_pi_pico/pico-sdk/src/rp2_common/pico_double/double_aeabi.S.obj
                0x0000000010004488                __wrap___aeabi_dcmpgt
 .text.__wrap___aeabi_dcmpun
                0x0000000010004492       0x1c CMakeFiles/nascom_multiboard.dir/home/crook/retro/rasp_pi_pico/pico-sdk/src/rp2_common/pico_double/double_aeabi.S.obj
                0x0000000010004492                __wrap___aeabi_dcmpun
 *fill*         0x00000000100044ae        0x2 
 .text.__wrap___aeabi_i2d
                0x00000000100044b0       0x38 CMakeFiles/nascom_multiboard.dir/home/crook/retro/rasp_pi_pico/pico-sdk/src/rp2_common/pico_double/double_aeabi.S.obj
                0x00000000100044b0                __wrap___aeabi_ui2d
                0x00000000100044b8                __wrap___aeabi_i2d
 .text.__wrap___aeabi_d2iz
                0x00000000100044e8       0x48 CMakeFiles/nascom_multiboard.dir/home/crook/retro/rasp_pi_pico/pico-sdk/src/rp2_common/pico_double/double_aeabi.S.obj
                0x00000000100044e8                __wrap___aeabi_d2iz
                0x00000000100044e8                double2int_z
 .text.__wrap___aeabi_d2uiz
                0x0000000010004530       0x18 CMakeFiles/nascom_multiboard.dir/home/crook/retro/rasp_pi_pico/pico-sdk/src/rp2_common/pico_double/double_aeabi.S.obj
                0x0000000010004530                double2uint
                0x0000000010004530                __wrap___aeabi_d2uiz
 .text.__aeabi_double_init
                0x0000000010004548       0x60 CMakeFiles/nascom_multiboard.dir/home/crook/retro/rasp_pi_pico/pico-sdk/src/rp2_common/pico_double/double_init_rom.c.obj
                0x0000000010004548                __aeabi_double_init
 .text.double_table_shim_on_use_helper
                0x00000000100045a8       0x2c CMakeFiles/nascom_multiboard.dir/home/crook/retro/rasp_pi_pico/pico-sdk/src/rp2_common/pico_double/double_v1_rom_shim.S.obj
                0x00000000100045a8                double_table_shim_on_use_helper
 .text.__wrap___aeabi_dsub
                0x00000000100045d4       0x10 CMakeFiles/nascom_multiboard.dir/home/crook/retro/rasp_pi_pico/pico-sdk/src/rp2_common/pico_double/double_v1_rom_shim.S.obj
                0x00000000100045d4                drsub_shim
                0x00000000100045da                dsub_shim
 .text.dadd_shim
                0x00000000100045e4      0x15c CMakeFiles/nascom_multiboard.dir/home/crook/retro/rasp_pi_pico/pico-sdk/src/rp2_common/pico_double/double_v1_rom_shim.S.obj
                0x00000000100045e4                dadd_shim
 .text.dmul_shim
                0x0000000010004740      0x15c CMakeFiles/nascom_multiboard.dir/home/crook/retro/rasp_pi_pico/pico-sdk/src/rp2_common/pico_double/double_v1_rom_shim.S.obj
                0x0000000010004740                dmul_shim
 .text.ddiv_shim
                0x000000001000489c      0x1b0 CMakeFiles/nascom_multiboard.dir/home/crook/retro/rasp_pi_pico/pico-sdk/src/rp2_common/pico_double/double_v1_rom_shim.S.obj
                0x000000001000489c                ddiv_shim
 .text.double2uint_shim
                0x0000000010004a4c        0xe CMakeFiles/nascom_multiboard.dir/home/crook/retro/rasp_pi_pico/pico-sdk/src/rp2_common/pico_double/double_v1_rom_shim.S.obj
                0x0000000010004a4c                double2uint_shim
                0x0000000010004a4e                double2ufix_shim
 *fill*         0x0000000010004a5a        0x2 
 .text.double2uint64_shim
                0x0000000010004a5c       0x70 CMakeFiles/nascom_multiboard.dir/home/crook/retro/rasp_pi_pico/pico-sdk/src/rp2_common/pico_double/double_v1_rom_shim.S.obj
                0x0000000010004a5c                double2uint64_shim
                0x0000000010004a5e                double2ufix64_shim
                0x0000000010004a7e                d2fix_a
 .text.dunpacks
                0x0000000010004acc       0x3c CMakeFiles/nascom_multiboard.dir/home/crook/retro/rasp_pi_pico/pico-sdk/src/rp2_common/pico_double/double_v1_rom_shim.S.obj
                0x0000000010004acc                dunpacks
 .text.__aeabi_lmul
                0x0000000010004b08       0x32 CMakeFiles/nascom_multiboard.dir/home/crook/retro/rasp_pi_pico/pico-sdk/src/rp2_common/pico_int64_ops/pico_int64_ops_aeabi.S.obj
                0x0000000010004b08                __wrap___aeabi_lmul
 *fill*         0x0000000010004b3a        0x2 
 .text.__aeabi_float_init
                0x0000000010004b3c       0x68 CMakeFiles/nascom_multiboard.dir/home/crook/retro/rasp_pi_pico/pico-sdk/src/rp2_common/pico_float/float_init_rom.c.obj
                0x0000000010004b3c                __aeabi_float_init
 .text.float_table_shim_on_use_helper
                0x0000000010004ba4       0x2c CMakeFiles/nascom_multiboard.dir/home/crook/retro/rasp_pi_pico/pico-sdk/src/rp2_common/pico_float/float_v1_rom_shim.S.obj
                0x0000000010004ba4                float_table_shim_on_use_helper
 .text          0x0000000010004bd0       0x10 CMakeFiles/nascom_multiboard.dir/home/crook/retro/rasp_pi_pico/pico-sdk/src/rp2_common/pico_mem_ops/mem_ops_aeabi.S.obj
                0x0000000010004bd0                __aeabi_mem_init
 .text.memset   0x0000000010004be0        0xc CMakeFiles/nascom_multiboard.dir/home/crook/retro/rasp_pi_pico/pico-sdk/src/rp2_common/pico_mem_ops/mem_ops_aeabi.S.obj
                0x0000000010004be0                __wrap_memset
 .text.memcpy   0x0000000010004bec        0xc CMakeFiles/nascom_multiboard.dir/home/crook/retro/rasp_pi_pico/pico-sdk/src/rp2_common/pico_mem_ops/mem_ops_aeabi.S.obj
                0x0000000010004bec                __wrap___aeabi_memcpy
                0x0000000010004bec                __wrap_memcpy
 .text.stdio_out_chars_crlf
                0x0000000010004bf8       0xbc CMakeFiles/nascom_multiboard.dir/home/crook/retro/rasp_pi_pico/pico-sdk/src/rp2_common/pico_stdio/stdio.c.obj
 .text.stdio_buffered_printer
                0x0000000010004cb4       0x64 CMakeFiles/nascom_multiboard.dir/home/crook/retro/rasp_pi_pico/pico-sdk/src/rp2_common/pico_stdio/stdio.c.obj
 .text.__wrap_puts
                0x0000000010004d18       0xdc CMakeFiles/nascom_multiboard.dir/home/crook/retro/rasp_pi_pico/pico-sdk/src/rp2_common/pico_stdio/stdio.c.obj
                0x0000000010004d18                __wrap_puts
 .text._read    0x0000000010004df4       0x90 CMakeFiles/nascom_multiboard.dir/home/crook/retro/rasp_pi_pico/pico-sdk/src/rp2_common/pico_stdio/stdio.c.obj
                0x0000000010004df4                _read
 .text._write   0x0000000010004e84       0xac CMakeFiles/nascom_multiboard.dir/home/crook/retro/rasp_pi_pico/pico-sdk/src/rp2_common/pico_stdio/stdio.c.obj
                0x0000000010004e84                _write
 .text.stdio_set_driver_enabled
                0x0000000010004f30       0x30 CMakeFiles/nascom_multiboard.dir/home/crook/retro/rasp_pi_pico/pico-sdk/src/rp2_common/pico_stdio/stdio.c.obj
                0x0000000010004f30                stdio_set_driver_enabled
 .text.__wrap_vprintf
                0x0000000010004f60       0xd0 CMakeFiles/nascom_multiboard.dir/home/crook/retro/rasp_pi_pico/pico-sdk/src/rp2_common/pico_stdio/stdio.c.obj
                0x0000000010004f60                __wrap_vprintf
 .text.__wrap_printf
                0x0000000010005030       0x18 CMakeFiles/nascom_multiboard.dir/home/crook/retro/rasp_pi_pico/pico-sdk/src/rp2_common/pico_stdio/stdio.c.obj
                0x0000000010005030                __wrap_printf
 .text.stdio_init_all
                0x0000000010005048        0x8 CMakeFiles/nascom_multiboard.dir/home/crook/retro/rasp_pi_pico/pico-sdk/src/rp2_common/pico_stdio/stdio.c.obj
                0x0000000010005048                stdio_init_all
 .text.resetd_init
                0x0000000010005050        0x4 CMakeFiles/nascom_multiboard.dir/home/crook/retro/rasp_pi_pico/pico-sdk/src/rp2_common/pico_stdio_usb/reset_interface.c.obj
 .text.resetd_reset
                0x0000000010005054        0xc CMakeFiles/nascom_multiboard.dir/home/crook/retro/rasp_pi_pico/pico-sdk/src/rp2_common/pico_stdio_usb/reset_interface.c.obj
 .text.resetd_xfer_cb
                0x0000000010005060        0x4 CMakeFiles/nascom_multiboard.dir/home/crook/retro/rasp_pi_pico/pico-sdk/src/rp2_common/pico_stdio_usb/reset_interface.c.obj
 .text.resetd_open
                0x0000000010005064       0x28 CMakeFiles/nascom_multiboard.dir/home/crook/retro/rasp_pi_pico/pico-sdk/src/rp2_common/pico_stdio_usb/reset_interface.c.obj
 .text.resetd_control_xfer_cb
                0x000000001000508c       0x64 CMakeFiles/nascom_multiboard.dir/home/crook/retro/rasp_pi_pico/pico-sdk/src/rp2_common/pico_stdio_usb/reset_interface.c.obj
 .text.usbd_app_driver_get_cb
                0x00000000100050f0        0xc CMakeFiles/nascom_multiboard.dir/home/crook/retro/rasp_pi_pico/pico-sdk/src/rp2_common/pico_stdio_usb/reset_interface.c.obj
                0x00000000100050f0                usbd_app_driver_get_cb
 .text.tud_cdc_line_coding_cb
                0x00000000100050fc       0x34 CMakeFiles/nascom_multiboard.dir/home/crook/retro/rasp_pi_pico/pico-sdk/src/rp2_common/pico_stdio_usb/reset_interface.c.obj
                0x00000000100050fc                tud_cdc_line_coding_cb
 .text.stdio_usb_in_chars
                0x0000000010005130       0x68 CMakeFiles/nascom_multiboard.dir/home/crook/retro/rasp_pi_pico/pico-sdk/src/rp2_common/pico_stdio_usb/stdio_usb.c.obj
                0x0000000010005130                stdio_usb_in_chars
 .text.timer_task
                0x0000000010005198       0x18 CMakeFiles/nascom_multiboard.dir/home/crook/retro/rasp_pi_pico/pico-sdk/src/rp2_common/pico_stdio_usb/stdio_usb.c.obj
 .text.usb_irq  0x00000000100051b0       0x10 CMakeFiles/nascom_multiboard.dir/home/crook/retro/rasp_pi_pico/pico-sdk/src/rp2_common/pico_stdio_usb/stdio_usb.c.obj
 .text.low_priority_worker_irq
                0x00000000100051c0       0x20 CMakeFiles/nascom_multiboard.dir/home/crook/retro/rasp_pi_pico/pico-sdk/src/rp2_common/pico_stdio_usb/stdio_usb.c.obj
 .text.stdio_usb_out_chars
                0x00000000100051e0       0xf0 CMakeFiles/nascom_multiboard.dir/home/crook/retro/rasp_pi_pico/pico-sdk/src/rp2_common/pico_stdio_usb/stdio_usb.c.obj
 .text.stdio_usb_init
                0x00000000100052d0       0xb0 CMakeFiles/nascom_multiboard.dir/home/crook/retro/rasp_pi_pico/pico-sdk/src/rp2_common/pico_stdio_usb/stdio_usb.c.obj
                0x00000000100052d0                stdio_usb_init
 .text.tud_descriptor_device_cb
                0x0000000010005380        0x8 CMakeFiles/nascom_multiboard.dir/home/crook/retro/rasp_pi_pico/pico-sdk/src/rp2_common/pico_stdio_usb/stdio_usb_descriptors.c.obj
                0x0000000010005380                tud_descriptor_device_cb
 .text.tud_descriptor_configuration_cb
                0x0000000010005388        0x8 CMakeFiles/nascom_multiboard.dir/home/crook/retro/rasp_pi_pico/pico-sdk/src/rp2_common/pico_stdio_usb/stdio_usb_descriptors.c.obj
                0x0000000010005388                tud_descriptor_configuration_cb
 .text.tud_descriptor_string_cb
                0x0000000010005390       0x70 CMakeFiles/nascom_multiboard.dir/home/crook/retro/rasp_pi_pico/pico-sdk/src/rp2_common/pico_stdio_usb/stdio_usb_descriptors.c.obj
                0x0000000010005390                tud_descriptor_string_cb
 .text.dcd_rp2040_irq
                0x0000000010005400      0x234 CMakeFiles/nascom_multiboard.dir/home/crook/retro/rasp_pi_pico/pico-sdk/lib/tinyusb/src/portable/raspberrypi/rp2040/dcd_rp2040.c.obj
 .text.dcd_int_enable
                0x0000000010005634        0xc CMakeFiles/nascom_multiboard.dir/home/crook/retro/rasp_pi_pico/pico-sdk/lib/tinyusb/src/portable/raspberrypi/rp2040/dcd_rp2040.c.obj
                0x0000000010005634                dcd_int_enable
 .text.dcd_set_address
                0x0000000010005640       0x14 CMakeFiles/nascom_multiboard.dir/home/crook/retro/rasp_pi_pico/pico-sdk/lib/tinyusb/src/portable/raspberrypi/rp2040/dcd_rp2040.c.obj
                0x0000000010005640                dcd_set_address
 .text.dcd_connect
                0x0000000010005654       0x10 CMakeFiles/nascom_multiboard.dir/home/crook/retro/rasp_pi_pico/pico-sdk/lib/tinyusb/src/portable/raspberrypi/rp2040/dcd_rp2040.c.obj
                0x0000000010005654                dcd_connect
 .text.dcd_init
                0x0000000010005664      0x148 CMakeFiles/nascom_multiboard.dir/home/crook/retro/rasp_pi_pico/pico-sdk/lib/tinyusb/src/portable/raspberrypi/rp2040/dcd_rp2040.c.obj
                0x0000000010005664                dcd_init
 .text.dcd_edpt0_status_complete
                0x00000000100057ac       0x1c CMakeFiles/nascom_multiboard.dir/home/crook/retro/rasp_pi_pico/pico-sdk/lib/tinyusb/src/portable/raspberrypi/rp2040/dcd_rp2040.c.obj
                0x00000000100057ac                dcd_edpt0_status_complete
 .text.dcd_edpt_open
                0x00000000100057c8      0x10c CMakeFiles/nascom_multiboard.dir/home/crook/retro/rasp_pi_pico/pico-sdk/lib/tinyusb/src/portable/raspberrypi/rp2040/dcd_rp2040.c.obj
                0x00000000100057c8                dcd_edpt_open
 .text.dcd_edpt_close_all
                0x00000000100058d4       0xbc CMakeFiles/nascom_multiboard.dir/home/crook/retro/rasp_pi_pico/pico-sdk/lib/tinyusb/src/portable/raspberrypi/rp2040/dcd_rp2040.c.obj
                0x00000000100058d4                dcd_edpt_close_all
 .text.dcd_edpt_xfer
                0x0000000010005990       0x24 CMakeFiles/nascom_multiboard.dir/home/crook/retro/rasp_pi_pico/pico-sdk/lib/tinyusb/src/portable/raspberrypi/rp2040/dcd_rp2040.c.obj
                0x0000000010005990                dcd_edpt_xfer
 .text.dcd_edpt_stall
                0x00000000100059b4       0x38 CMakeFiles/nascom_multiboard.dir/home/crook/retro/rasp_pi_pico/pico-sdk/lib/tinyusb/src/portable/raspberrypi/rp2040/dcd_rp2040.c.obj
                0x00000000100059b4                dcd_edpt_stall
 .text.dcd_edpt_clear_stall
                0x00000000100059ec       0x2c CMakeFiles/nascom_multiboard.dir/home/crook/retro/rasp_pi_pico/pico-sdk/lib/tinyusb/src/portable/raspberrypi/rp2040/dcd_rp2040.c.obj
                0x00000000100059ec                dcd_edpt_clear_stall
 .text.rp2040_usb_init
                0x0000000010005a18       0x4c CMakeFiles/nascom_multiboard.dir/home/crook/retro/rasp_pi_pico/pico-sdk/lib/tinyusb/src/portable/raspberrypi/rp2040/rp2040_usb.c.obj
                0x0000000010005a18                rp2040_usb_init
 .text.hw_endpoint_reset_transfer
                0x0000000010005a64        0xc CMakeFiles/nascom_multiboard.dir/home/crook/retro/rasp_pi_pico/pico-sdk/lib/tinyusb/src/portable/raspberrypi/rp2040/rp2040_usb.c.obj
                0x0000000010005a64                hw_endpoint_reset_transfer
 .text._hw_endpoint_buffer_control_update32
                0x0000000010005a70       0x58 CMakeFiles/nascom_multiboard.dir/home/crook/retro/rasp_pi_pico/pico-sdk/lib/tinyusb/src/portable/raspberrypi/rp2040/rp2040_usb.c.obj
                0x0000000010005a70                _hw_endpoint_buffer_control_update32
 .text.hw_endpoint_xfer_start
                0x0000000010005ac8      0x154 CMakeFiles/nascom_multiboard.dir/home/crook/retro/rasp_pi_pico/pico-sdk/lib/tinyusb/src/portable/raspberrypi/rp2040/rp2040_usb.c.obj
                0x0000000010005ac8                hw_endpoint_xfer_start
 .text.hw_endpoint_xfer_continue
                0x0000000010005c1c      0x1f8 CMakeFiles/nascom_multiboard.dir/home/crook/retro/rasp_pi_pico/pico-sdk/lib/tinyusb/src/portable/raspberrypi/rp2040/rp2040_usb.c.obj
                0x0000000010005c1c                hw_endpoint_xfer_continue
 .text.tud_mounted
                0x0000000010005e14       0x10 CMakeFiles/nascom_multiboard.dir/home/crook/retro/rasp_pi_pico/pico-sdk/lib/tinyusb/src/device/usbd.c.obj
                0x0000000010005e14                tud_mounted
 .text.tud_suspended
                0x0000000010005e24       0x10 CMakeFiles/nascom_multiboard.dir/home/crook/retro/rasp_pi_pico/pico-sdk/lib/tinyusb/src/device/usbd.c.obj
                0x0000000010005e24                tud_suspended
 .text.tud_inited
                0x0000000010005e34        0xc CMakeFiles/nascom_multiboard.dir/home/crook/retro/rasp_pi_pico/pico-sdk/lib/tinyusb/src/device/usbd.c.obj
                0x0000000010005e34                tud_inited
 .text.tud_init
                0x0000000010005e40       0xd8 CMakeFiles/nascom_multiboard.dir/home/crook/retro/rasp_pi_pico/pico-sdk/lib/tinyusb/src/device/usbd.c.obj
                0x0000000010005e40                tud_init
 .text.tud_task
                0x0000000010005f18      0x950 CMakeFiles/nascom_multiboard.dir/home/crook/retro/rasp_pi_pico/pico-sdk/lib/tinyusb/src/device/usbd.c.obj
                0x0000000010005f18                tud_task
 .text.dcd_event_bus_signal
                0x0000000010006868      0x120 CMakeFiles/nascom_multiboard.dir/home/crook/retro/rasp_pi_pico/pico-sdk/lib/tinyusb/src/device/usbd.c.obj
                0x0000000010006868                dcd_event_bus_signal
 .text.dcd_event_bus_reset
                0x0000000010006988       0x54 CMakeFiles/nascom_multiboard.dir/home/crook/retro/rasp_pi_pico/pico-sdk/lib/tinyusb/src/device/usbd.c.obj
                0x0000000010006988                dcd_event_bus_reset
 .text.dcd_event_setup_received
                0x00000000100069dc       0x5c CMakeFiles/nascom_multiboard.dir/home/crook/retro/rasp_pi_pico/pico-sdk/lib/tinyusb/src/device/usbd.c.obj
                0x00000000100069dc                dcd_event_setup_received
 .text.dcd_event_xfer_complete
                0x0000000010006a38       0x68 CMakeFiles/nascom_multiboard.dir/home/crook/retro/rasp_pi_pico/pico-sdk/lib/tinyusb/src/device/usbd.c.obj
                0x0000000010006a38                dcd_event_xfer_complete
 .text.usbd_open_edpt_pair
                0x0000000010006aa0       0xb0 CMakeFiles/nascom_multiboard.dir/home/crook/retro/rasp_pi_pico/pico-sdk/lib/tinyusb/src/device/usbd.c.obj
                0x0000000010006aa0                usbd_open_edpt_pair
 .text.usbd_edpt_open
                0x0000000010006b50       0x30 CMakeFiles/nascom_multiboard.dir/home/crook/retro/rasp_pi_pico/pico-sdk/lib/tinyusb/src/device/usbd.c.obj
                0x0000000010006b50                usbd_edpt_open
 .text.usbd_edpt_claim
                0x0000000010006b80       0x5c CMakeFiles/nascom_multiboard.dir/home/crook/retro/rasp_pi_pico/pico-sdk/lib/tinyusb/src/device/usbd.c.obj
                0x0000000010006b80                usbd_edpt_claim
 .text.usbd_edpt_release
                0x0000000010006bdc       0x4c CMakeFiles/nascom_multiboard.dir/home/crook/retro/rasp_pi_pico/pico-sdk/lib/tinyusb/src/device/usbd.c.obj
                0x0000000010006bdc                usbd_edpt_release
 .text.usbd_edpt_xfer
                0x0000000010006c28       0x48 CMakeFiles/nascom_multiboard.dir/home/crook/retro/rasp_pi_pico/pico-sdk/lib/tinyusb/src/device/usbd.c.obj
                0x0000000010006c28                usbd_edpt_xfer
 .text.tud_control_status
                0x0000000010006c70       0x30 CMakeFiles/nascom_multiboard.dir/home/crook/retro/rasp_pi_pico/pico-sdk/lib/tinyusb/src/device/usbd_control.c.obj
                0x0000000010006c70                tud_control_status
 .text.tud_control_xfer
                0x0000000010006ca0       0xac CMakeFiles/nascom_multiboard.dir/home/crook/retro/rasp_pi_pico/pico-sdk/lib/tinyusb/src/device/usbd_control.c.obj
                0x0000000010006ca0                tud_control_xfer
 .text.usbd_control_reset
                0x0000000010006d4c       0x14 CMakeFiles/nascom_multiboard.dir/home/crook/retro/rasp_pi_pico/pico-sdk/lib/tinyusb/src/device/usbd_control.c.obj
                0x0000000010006d4c                usbd_control_reset
 .text.usbd_control_set_complete_callback
                0x0000000010006d60        0xc CMakeFiles/nascom_multiboard.dir/home/crook/retro/rasp_pi_pico/pico-sdk/lib/tinyusb/src/device/usbd_control.c.obj
                0x0000000010006d60                usbd_control_set_complete_callback
 .text.usbd_control_set_request
                0x0000000010006d6c       0x1c CMakeFiles/nascom_multiboard.dir/home/crook/retro/rasp_pi_pico/pico-sdk/lib/tinyusb/src/device/usbd_control.c.obj
                0x0000000010006d6c                usbd_control_set_request
 .text.usbd_control_xfer_cb
                0x0000000010006d88       0xf8 CMakeFiles/nascom_multiboard.dir/home/crook/retro/rasp_pi_pico/pico-sdk/lib/tinyusb/src/device/usbd_control.c.obj
                0x0000000010006d88                usbd_control_xfer_cb
 .text.tud_cdc_n_connected
                0x0000000010006e80       0x30 CMakeFiles/nascom_multiboard.dir/home/crook/retro/rasp_pi_pico/pico-sdk/lib/tinyusb/src/class/cdc/cdc_device.c.obj
                0x0000000010006e80                tud_cdc_n_connected
 .text.tud_cdc_n_available
                0x0000000010006eb0       0x1c CMakeFiles/nascom_multiboard.dir/home/crook/retro/rasp_pi_pico/pico-sdk/lib/tinyusb/src/class/cdc/cdc_device.c.obj
                0x0000000010006eb0                tud_cdc_n_available
 .text.tud_cdc_n_read
                0x0000000010006ecc       0x70 CMakeFiles/nascom_multiboard.dir/home/crook/retro/rasp_pi_pico/pico-sdk/lib/tinyusb/src/class/cdc/cdc_device.c.obj
                0x0000000010006ecc                tud_cdc_n_read
 .text.tud_cdc_n_write
                0x0000000010006f3c       0x90 CMakeFiles/nascom_multiboard.dir/home/crook/retro/rasp_pi_pico/pico-sdk/lib/tinyusb/src/class/cdc/cdc_device.c.obj
                0x0000000010006f3c                tud_cdc_n_write
 .text.tud_cdc_n_write_flush
                0x0000000010006fcc       0x78 CMakeFiles/nascom_multiboard.dir/home/crook/retro/rasp_pi_pico/pico-sdk/lib/tinyusb/src/class/cdc/cdc_device.c.obj
                0x0000000010006fcc                tud_cdc_n_write_flush
 .text.tud_cdc_n_write_available
                0x0000000010007044       0x1c CMakeFiles/nascom_multiboard.dir/home/crook/retro/rasp_pi_pico/pico-sdk/lib/tinyusb/src/class/cdc/cdc_device.c.obj
                0x0000000010007044                tud_cdc_n_write_available
 .text.cdcd_init
                0x0000000010007060       0x7c CMakeFiles/nascom_multiboard.dir/home/crook/retro/rasp_pi_pico/pico-sdk/lib/tinyusb/src/class/cdc/cdc_device.c.obj
                0x0000000010007060                cdcd_init
 .text.cdcd_reset
                0x00000000100070dc       0x2c CMakeFiles/nascom_multiboard.dir/home/crook/retro/rasp_pi_pico/pico-sdk/lib/tinyusb/src/class/cdc/cdc_device.c.obj
                0x00000000100070dc                cdcd_reset
 .text.cdcd_open
                0x0000000010007108       0xe8 CMakeFiles/nascom_multiboard.dir/home/crook/retro/rasp_pi_pico/pico-sdk/lib/tinyusb/src/class/cdc/cdc_device.c.obj
                0x0000000010007108                cdcd_open
 .text.cdcd_control_xfer_cb
                0x00000000100071f0       0xe0 CMakeFiles/nascom_multiboard.dir/home/crook/retro/rasp_pi_pico/pico-sdk/lib/tinyusb/src/class/cdc/cdc_device.c.obj
                0x00000000100071f0                cdcd_control_xfer_cb
 .text.cdcd_xfer_cb
                0x00000000100072d0      0x194 CMakeFiles/nascom_multiboard.dir/home/crook/retro/rasp_pi_pico/pico-sdk/lib/tinyusb/src/class/cdc/cdc_device.c.obj
                0x00000000100072d0                cdcd_xfer_cb
 .text.tusb_init
                0x0000000010007464        0xc CMakeFiles/nascom_multiboard.dir/home/crook/retro/rasp_pi_pico/pico-sdk/lib/tinyusb/src/tusb.c.obj
                0x0000000010007464                tusb_init
 .text.tusb_inited
                0x0000000010007470        0x8 CMakeFiles/nascom_multiboard.dir/home/crook/retro/rasp_pi_pico/pico-sdk/lib/tinyusb/src/tusb.c.obj
                0x0000000010007470                tusb_inited
 .text.tu_edpt_validate
                0x0000000010007478       0x74 CMakeFiles/nascom_multiboard.dir/home/crook/retro/rasp_pi_pico/pico-sdk/lib/tinyusb/src/tusb.c.obj
                0x0000000010007478                tu_edpt_validate
 .text.tu_edpt_bind_driver
                0x00000000100074ec       0x3c CMakeFiles/nascom_multiboard.dir/home/crook/retro/rasp_pi_pico/pico-sdk/lib/tinyusb/src/tusb.c.obj
                0x00000000100074ec                tu_edpt_bind_driver
 .text.tu_fifo_config
                0x0000000010007528       0x78 CMakeFiles/nascom_multiboard.dir/home/crook/retro/rasp_pi_pico/pico-sdk/lib/tinyusb/src/common/tusb_fifo.c.obj
                0x0000000010007528                tu_fifo_config
 .text.tu_fifo_count
                0x00000000100075a0       0x24 CMakeFiles/nascom_multiboard.dir/home/crook/retro/rasp_pi_pico/pico-sdk/lib/tinyusb/src/common/tusb_fifo.c.obj
                0x00000000100075a0                tu_fifo_count
 .text.tu_fifo_empty
                0x00000000100075c4       0x10 CMakeFiles/nascom_multiboard.dir/home/crook/retro/rasp_pi_pico/pico-sdk/lib/tinyusb/src/common/tusb_fifo.c.obj
                0x00000000100075c4                tu_fifo_empty
 .text.tu_fifo_remaining
                0x00000000100075d4       0x20 CMakeFiles/nascom_multiboard.dir/home/crook/retro/rasp_pi_pico/pico-sdk/lib/tinyusb/src/common/tusb_fifo.c.obj
                0x00000000100075d4                tu_fifo_remaining
 .text.tu_fifo_read
                0x00000000100075f4       0x9c CMakeFiles/nascom_multiboard.dir/home/crook/retro/rasp_pi_pico/pico-sdk/lib/tinyusb/src/common/tusb_fifo.c.obj
                0x00000000100075f4                tu_fifo_read
 .text.tu_fifo_read_n
                0x0000000010007690       0xfc CMakeFiles/nascom_multiboard.dir/home/crook/retro/rasp_pi_pico/pico-sdk/lib/tinyusb/src/common/tusb_fifo.c.obj
                0x0000000010007690                tu_fifo_read_n
 .text.tu_fifo_write
                0x000000001000778c       0x88 CMakeFiles/nascom_multiboard.dir/home/crook/retro/rasp_pi_pico/pico-sdk/lib/tinyusb/src/common/tusb_fifo.c.obj
                0x000000001000778c                tu_fifo_write
 .text.tu_fifo_write_n
                0x0000000010007814       0xec CMakeFiles/nascom_multiboard.dir/home/crook/retro/rasp_pi_pico/pico-sdk/lib/tinyusb/src/common/tusb_fifo.c.obj
                0x0000000010007814                tu_fifo_write_n
 .text.tu_fifo_clear
                0x0000000010007900       0x4c CMakeFiles/nascom_multiboard.dir/home/crook/retro/rasp_pi_pico/pico-sdk/lib/tinyusb/src/common/tusb_fifo.c.obj
                0x0000000010007900                tu_fifo_clear
 .text.tu_fifo_set_overwritable
                0x000000001000794c       0x3c CMakeFiles/nascom_multiboard.dir/home/crook/retro/rasp_pi_pico/pico-sdk/lib/tinyusb/src/common/tusb_fifo.c.obj
                0x000000001000794c                tu_fifo_set_overwritable
 .text.startup._retrieve_unique_id_on_boot
                0x0000000010007988       0x10 CMakeFiles/nascom_multiboard.dir/home/crook/retro/rasp_pi_pico/pico-sdk/src/rp2_common/pico_unique_id/unique_id.c.obj
 .text.pico_get_unique_board_id_string
                0x0000000010007998      0x1c0 CMakeFiles/nascom_multiboard.dir/home/crook/retro/rasp_pi_pico/pico-sdk/src/rp2_common/pico_unique_id/unique_id.c.obj
                0x0000000010007998                pico_get_unique_board_id_string
 .text.flash_get_unique_id
                0x0000000010007b58       0x3c CMakeFiles/nascom_multiboard.dir/home/crook/retro/rasp_pi_pico/pico-sdk/src/rp2_common/hardware_flash/flash.c.obj
                0x0000000010007b58                flash_get_unique_id
 .text.core1_trampoline
                0x0000000010007b94        0x4 CMakeFiles/nascom_multiboard.dir/home/crook/retro/rasp_pi_pico/pico-sdk/src/rp2_common/pico_multicore/multicore.c.obj
 .text.core1_wrapper
                0x0000000010007b98        0xc CMakeFiles/nascom_multiboard.dir/home/crook/retro/rasp_pi_pico/pico-sdk/src/rp2_common/pico_multicore/multicore.c.obj
                0x0000000010007b98                core1_wrapper
 .text.multicore_launch_core1
                0x0000000010007ba4       0xc4 CMakeFiles/nascom_multiboard.dir/home/crook/retro/rasp_pi_pico/pico-sdk/src/rp2_common/pico_multicore/multicore.c.obj
                0x0000000010007ba4                multicore_launch_core1
 .text          0x0000000010007c68      0x558 /usr/lib/gcc/arm-none-eabi/6.3.1/../../../arm-none-eabi/lib/thumb/v6-m/libc.a(lib_a-mallocr.o)
                0x0000000010007c68                _malloc_r
 .text          0x00000000100081c0        0x8 /usr/lib/gcc/arm-none-eabi/6.3.1/../../../arm-none-eabi/lib/thumb/v6-m/libc.a(lib_a-mlock.o)
                0x00000000100081c0                __malloc_lock
                0x00000000100081c4                __malloc_unlock
 .text          0x00000000100081c8       0x24 /usr/lib/gcc/arm-none-eabi/6.3.1/../../../arm-none-eabi/lib/thumb/v6-m/libc.a(lib_a-sbrkr.o)
                0x00000000100081c8                _sbrk_r
 .text          0x00000000100081ec       0x64 /usr/lib/gcc/arm-none-eabi/6.3.1/../../../arm-none-eabi/lib/thumb/v6-m/libc.a(lib_a-strlen-stub.o)
                0x00000000100081ec                strlen
 .text          0x0000000010008250       0xd4 /usr/lib/gcc/arm-none-eabi/6.3.1/../../../arm-none-eabi/lib/thumb/v6-m/libc.a(lib_a-wbuf.o)
                0x0000000010008250                __swbuf_r
                0x000000001000830c                __swbuf
 .text          0x0000000010008324       0xd4 /usr/lib/gcc/arm-none-eabi/6.3.1/../../../arm-none-eabi/lib/thumb/v6-m/libc.a(lib_a-wsetup.o)
                0x0000000010008324                __swsetup_r
 .text          0x00000000100083f8      0x1a4 /usr/lib/gcc/arm-none-eabi/6.3.1/../../../arm-none-eabi/lib/thumb/v6-m/libc.a(lib_a-fflush.o)
                0x00000000100083f8                __sflush_r
                0x0000000010008548                _fflush_r
                0x0000000010008574                fflush
 .text          0x000000001000859c      0x22c /usr/lib/gcc/arm-none-eabi/6.3.1/../../../arm-none-eabi/lib/thumb/v6-m/libc.a(lib_a-findfp.o)
                0x00000000100085a0                _cleanup_r
                0x00000000100086a4                __sfmoreglue
                0x00000000100086d4                __sfp
                0x0000000010008760                _cleanup
                0x0000000010008778                __sinit
                0x0000000010008788                __sfp_lock_acquire
                0x000000001000878c                __sfp_lock_release
                0x0000000010008790                __sinit_lock_acquire
                0x0000000010008794                __sinit_lock_release
                0x0000000010008798                __fp_lock_all
                0x00000000100087b0                __fp_unlock_all
 .text          0x00000000100087c8      0x25c /usr/lib/gcc/arm-none-eabi/6.3.1/../../../arm-none-eabi/lib/thumb/v6-m/libc.a(lib_a-freer.o)
                0x00000000100087c8                _malloc_trim_r
                0x0000000010008868                _free_r
 .text          0x0000000010008a24       0x90 /usr/lib/gcc/arm-none-eabi/6.3.1/../../../arm-none-eabi/lib/thumb/v6-m/libc.a(lib_a-fwalk.o)
                0x0000000010008a24                _fwalk
                0x0000000010008a68                _fwalk_reent
 .text          0x0000000010008ab4       0xe8 /usr/lib/gcc/arm-none-eabi/6.3.1/../../../arm-none-eabi/lib/thumb/v6-m/libc.a(lib_a-makebuf.o)
                0x0000000010008ab4                __swhatbuf_r
                0x0000000010008b14                __smakebuf_r
 .text          0x0000000010008b9c       0xa0 /usr/lib/gcc/arm-none-eabi/6.3.1/../../../arm-none-eabi/lib/thumb/v6-m/libc.a(lib_a-stdio.o)
                0x0000000010008b9c                __sread
                0x0000000010008bc4                __seofread
                0x0000000010008bc8                __swrite
                0x0000000010008c04                __sseek
                0x0000000010008c30                __sclose
 .text          0x0000000010008c3c       0x28 /usr/lib/gcc/arm-none-eabi/6.3.1/../../../arm-none-eabi/lib/thumb/v6-m/libc.a(lib_a-writer.o)
                0x0000000010008c3c                _write_r
 .text          0x0000000010008c64       0x24 /usr/lib/gcc/arm-none-eabi/6.3.1/../../../arm-none-eabi/lib/thumb/v6-m/libc.a(lib_a-closer.o)
                0x0000000010008c64                _close_r
 .text          0x0000000010008c88       0xa0 /usr/lib/gcc/arm-none-eabi/6.3.1/../../../arm-none-eabi/lib/thumb/v6-m/libc.a(lib_a-fclose.o)
                0x0000000010008c88                _fclose_r
                0x0000000010008d14                fclose
 .text          0x0000000010008d28       0x28 /usr/lib/gcc/arm-none-eabi/6.3.1/../../../arm-none-eabi/lib/thumb/v6-m/libc.a(lib_a-fstatr.o)
                0x0000000010008d28                _fstat_r
 .text          0x0000000010008d50       0x24 /usr/lib/gcc/arm-none-eabi/6.3.1/../../../arm-none-eabi/lib/thumb/v6-m/libc.a(lib_a-isattyr.o)
                0x0000000010008d50                _isatty_r
 .text          0x0000000010008d74       0x28 /usr/lib/gcc/arm-none-eabi/6.3.1/../../../arm-none-eabi/lib/thumb/v6-m/libc.a(lib_a-lseekr.o)
                0x0000000010008d74                _lseek_r
 .text          0x0000000010008d9c       0x28 /usr/lib/gcc/arm-none-eabi/6.3.1/../../../arm-none-eabi/lib/thumb/v6-m/libc.a(lib_a-readr.o)
                0x0000000010008d9c                _read_r
 .text          0x0000000010008dc4       0x10 /usr/lib/gcc/arm-none-eabi/6.3.1/../../../arm-none-eabi/lib/thumb/v6-m/libnosys.a(close.o)
                0x0000000010008dc4                _close
 .text          0x0000000010008dd4       0x10 /usr/lib/gcc/arm-none-eabi/6.3.1/../../../arm-none-eabi/lib/thumb/v6-m/libnosys.a(fstat.o)
                0x0000000010008dd4                _fstat
 .text          0x0000000010008de4       0x10 /usr/lib/gcc/arm-none-eabi/6.3.1/../../../arm-none-eabi/lib/thumb/v6-m/libnosys.a(isatty.o)
                0x0000000010008de4                _isatty
 .text          0x0000000010008df4       0x10 /usr/lib/gcc/arm-none-eabi/6.3.1/../../../arm-none-eabi/lib/thumb/v6-m/libnosys.a(lseek.o)
                0x0000000010008df4                _lseek
 *(.fini)
 .fini          0x0000000010008e04        0x4 /usr/lib/gcc/arm-none-eabi/6.3.1/thumb/v6-m/crti.o
                0x0000000010008e04                _fini
 .fini.__stub   0x0000000010008e08       0x70 linker stubs
 *crtbegin.o(.ctors)
 *crtbegin?.o(.ctors)
 *(EXCLUDE_FILE(*crtend.o *crtend?.o) .ctors)
 *(SORT(.ctors.*))
 *(.ctors)
 *crtbegin.o(.dtors)
 *crtbegin?.o(.dtors)
 *(EXCLUDE_FILE(*crtend.o *crtend?.o) .dtors)
 *(SORT(.dtors.*))
 *(.dtors)
 *(.eh_frame*)
 .eh_frame      0x0000000010008e78        0x0 /usr/lib/gcc/arm-none-eabi/6.3.1/thumb/v6-m/crtbegin.o
                0x0000000010008e78                . = ALIGN (0x4)

.glue_7         0x0000000010008e78        0x0
 .glue_7        0x0000000010008e78        0x0 linker stubs

.glue_7t        0x0000000010008e78        0x0
 .glue_7t       0x0000000010008e78        0x0 linker stubs

.vfp11_veneer   0x0000000010008e78        0x0
 .vfp11_veneer  0x0000000010008e78        0x0 linker stubs

.v4_bx          0x0000000010008e78        0x0
 .v4_bx         0x0000000010008e78        0x0 linker stubs

.iplt           0x0000000010008e78        0x0
 .iplt          0x0000000010008e78        0x0 /usr/lib/gcc/arm-none-eabi/6.3.1/thumb/v6-m/crtbegin.o

.rodata         0x0000000010008e78      0x62c
 *(EXCLUDE_FILE(*libm.a: *libc.a:*lib_a-mem*.o *libgcc.a:) .rodata*)
 .rodata.__bi_273.6268
                0x0000000010008e78        0xc CMakeFiles/nascom_multiboard.dir/nascom_multiboard.c.obj
 .rodata.main.str1.4
                0x0000000010008e84       0x22 CMakeFiles/nascom_multiboard.dir/nascom_multiboard.c.obj
 *fill*         0x0000000010008ea6        0x2 
 .rodata.nasKbdArray
                0x0000000010008ea8       0x84 CMakeFiles/nascom_multiboard.dir/nascom_multiboard.c.obj
 .rodata.str1.4
                0x0000000010008f2c       0x45 CMakeFiles/nascom_multiboard.dir/nascom_multiboard.c.obj
 *fill*         0x0000000010008f71        0x3 
 .rodata.spin_lock_claim_unused.str1.4
                0x0000000010008f74       0x1b CMakeFiles/nascom_multiboard.dir/home/crook/retro/rasp_pi_pico/pico-sdk/src/rp2_common/hardware_sync/sync.c.obj
 *fill*         0x0000000010008f8f        0x1 
 .rodata.user_irq_claim_unused.str1.4
                0x0000000010008f90       0x1b CMakeFiles/nascom_multiboard.dir/home/crook/retro/rasp_pi_pico/pico-sdk/src/rp2_common/hardware_irq/irq.c.obj
 *fill*         0x0000000010008fab        0x5 
 .rodata.at_the_end_of_time
                0x0000000010008fb0        0x8 CMakeFiles/nascom_multiboard.dir/home/crook/retro/rasp_pi_pico/pico-sdk/src/common/pico_time/time.c.obj
                0x0000000010008fb0                at_the_end_of_time
 .rodata.hardware_alarm_claim.str1.4
                0x0000000010008fb8       0x22 CMakeFiles/nascom_multiboard.dir/home/crook/retro/rasp_pi_pico/pico-sdk/src/rp2_common/hardware_timer/timer.c.obj
 *fill*         0x0000000010008fda        0x2 
 .rodata.hard_assertion_failure.str1.4
                0x0000000010008fdc        0xc CMakeFiles/nascom_multiboard.dir/home/crook/retro/rasp_pi_pico/pico-sdk/src/rp2_common/pico_runtime/runtime.c.obj
 .rodata.panic.str1.4
                0x0000000010008fe8       0x10 CMakeFiles/nascom_multiboard.dir/home/crook/retro/rasp_pi_pico/pico-sdk/src/rp2_common/pico_runtime/runtime.c.obj
                                         0x12 (size before relaxing)
 .rodata._vsnprintf
                0x0000000010008ff8      0x1e0 CMakeFiles/nascom_multiboard.dir/home/crook/retro/rasp_pi_pico/pico-sdk/src/rp2_common/pico_printf/printf.c.obj
 .rodata._ftoa.str1.4
                0x00000000100091d8       0x15 CMakeFiles/nascom_multiboard.dir/home/crook/retro/rasp_pi_pico/pico-sdk/src/rp2_common/pico_printf/printf.c.obj
 *fill*         0x00000000100091ed        0x3 
 .rodata.pow10.5365
                0x00000000100091f0       0x50 CMakeFiles/nascom_multiboard.dir/home/crook/retro/rasp_pi_pico/pico-sdk/src/rp2_common/pico_printf/printf.c.obj
 .rodata.__bi_44
                0x0000000010009240        0xc CMakeFiles/nascom_multiboard.dir/home/crook/retro/rasp_pi_pico/pico-sdk/src/rp2_common/pico_standard_link/binary_info.c.obj
 .rodata.__bi_75
                0x000000001000924c        0xc CMakeFiles/nascom_multiboard.dir/home/crook/retro/rasp_pi_pico/pico-sdk/src/rp2_common/pico_standard_link/binary_info.c.obj
 .rodata.__bi_81
                0x0000000010009258        0xc CMakeFiles/nascom_multiboard.dir/home/crook/retro/rasp_pi_pico/pico-sdk/src/rp2_common/pico_standard_link/binary_info.c.obj
 .rodata.str1.4
                0x0000000010009264       0x48 CMakeFiles/nascom_multiboard.dir/home/crook/retro/rasp_pi_pico/pico-sdk/src/rp2_common/pico_standard_link/binary_info.c.obj
 .rodata.crlf_str.5798
                0x00000000100092ac        0x2 CMakeFiles/nascom_multiboard.dir/home/crook/retro/rasp_pi_pico/pico-sdk/src/rp2_common/pico_stdio/stdio.c.obj
 *fill*         0x00000000100092ae        0x2 
 .rodata._resetd_driver
                0x00000000100092b0       0x18 CMakeFiles/nascom_multiboard.dir/home/crook/retro/rasp_pi_pico/pico-sdk/src/rp2_common/pico_stdio_usb/reset_interface.c.obj
 .rodata.__bi_118.7091
                0x00000000100092c8        0xc CMakeFiles/nascom_multiboard.dir/home/crook/retro/rasp_pi_pico/pico-sdk/src/rp2_common/pico_stdio_usb/stdio_usb.c.obj
 .rodata.str1.4
                0x00000000100092d4       0x13 CMakeFiles/nascom_multiboard.dir/home/crook/retro/rasp_pi_pico/pico-sdk/src/rp2_common/pico_stdio_usb/stdio_usb.c.obj
 *fill*         0x00000000100092e7        0x1 
 .rodata.str1.4
                0x00000000100092e8       0x2a CMakeFiles/nascom_multiboard.dir/home/crook/retro/rasp_pi_pico/pico-sdk/src/rp2_common/pico_stdio_usb/stdio_usb_descriptors.c.obj
 *fill*         0x0000000010009312        0x2 
 .rodata.usbd_desc_cfg
                0x0000000010009314       0x54 CMakeFiles/nascom_multiboard.dir/home/crook/retro/rasp_pi_pico/pico-sdk/src/rp2_common/pico_stdio_usb/stdio_usb_descriptors.c.obj
 .rodata.usbd_desc_device
                0x0000000010009368       0x12 CMakeFiles/nascom_multiboard.dir/home/crook/retro/rasp_pi_pico/pico-sdk/src/rp2_common/pico_stdio_usb/stdio_usb_descriptors.c.obj
 *fill*         0x000000001000937a        0x2 
 .rodata.usbd_desc_str
                0x000000001000937c       0x18 CMakeFiles/nascom_multiboard.dir/home/crook/retro/rasp_pi_pico/pico-sdk/src/rp2_common/pico_stdio_usb/stdio_usb_descriptors.c.obj
 .rodata.dcd_rp2040_irq.str1.4
                0x0000000010009394       0x14 CMakeFiles/nascom_multiboard.dir/home/crook/retro/rasp_pi_pico/pico-sdk/lib/tinyusb/src/portable/raspberrypi/rp2040/dcd_rp2040.c.obj
 .rodata._hw_endpoint_buffer_control_update32.str1.4
                0x00000000100093a8       0x1f CMakeFiles/nascom_multiboard.dir/home/crook/retro/rasp_pi_pico/pico-sdk/lib/tinyusb/src/portable/raspberrypi/rp2040/rp2040_usb.c.obj
 *fill*         0x00000000100093c7        0x1 
 .rodata.hw_endpoint_xfer_continue.str1.4
                0x00000000100093c8       0x29 CMakeFiles/nascom_multiboard.dir/home/crook/retro/rasp_pi_pico/pico-sdk/lib/tinyusb/src/portable/raspberrypi/rp2040/rp2040_usb.c.obj
 *fill*         0x00000000100093f1        0x3 
 .rodata.str1.4
                0x00000000100093f4        0x7 CMakeFiles/nascom_multiboard.dir/home/crook/retro/rasp_pi_pico/pico-sdk/lib/tinyusb/src/portable/raspberrypi/rp2040/rp2040_usb.c.obj
 *fill*         0x00000000100093fb        0x1 
 .rodata.tud_task
                0x00000000100093fc       0x8c CMakeFiles/nascom_multiboard.dir/home/crook/retro/rasp_pi_pico/pico-sdk/lib/tinyusb/src/device/usbd.c.obj
 .rodata._usbd_driver
                0x0000000010009488       0x18 CMakeFiles/nascom_multiboard.dir/home/crook/retro/rasp_pi_pico/pico-sdk/lib/tinyusb/src/device/usbd.c.obj
 .rodata        0x00000000100094a0        0x4 /usr/lib/gcc/arm-none-eabi/6.3.1/../../../arm-none-eabi/lib/thumb/v6-m/libc.a(lib_a-impure.o)
                0x00000000100094a0                _global_impure_ptr
 .rodata.str1.4
                0x00000000100094a4        0x8 /usr/lib/gcc/arm-none-eabi/6.3.1/../../../arm-none-eabi/lib/thumb/v6-m/libc.a(lib_a-impure.o)
                                          0x2 (size before relaxing)
                0x00000000100094ac                . = ALIGN (0x4)
 *(SORT(.flashdata*))
                0x00000000100094ac                . = ALIGN (0x4)

.rel.dyn        0x00000000100094a4        0x0
 .rel.iplt      0x00000000100094a4        0x0 /usr/lib/gcc/arm-none-eabi/6.3.1/thumb/v6-m/crtbegin.o

.ARM.extab
 *(.ARM.extab* .gnu.linkonce.armextab.*)
                0x00000000100094a4                __exidx_start = .

.ARM.exidx
 *(.ARM.exidx* .gnu.linkonce.armexidx.*)
                0x00000000100094a4                __exidx_end = .
                0x00000000100094a4                . = ALIGN (0x4)
                0x00000000100094a4                __binary_info_start = .

.binary_info    0x00000000100094a4       0x24
 *(.binary_info.keep.*)
 .binary_info.keep.__bi_ptr273
                0x00000000100094a4        0x4 CMakeFiles/nascom_multiboard.dir/nascom_multiboard.c.obj
 .binary_info.keep.__bi_ptr22
                0x00000000100094a8        0x4 CMakeFiles/nascom_multiboard.dir/home/crook/retro/rasp_pi_pico/pico-sdk/src/rp2_common/pico_standard_link/binary_info.c.obj
 .binary_info.keep.__bi_ptr30
                0x00000000100094ac        0x4 CMakeFiles/nascom_multiboard.dir/home/crook/retro/rasp_pi_pico/pico-sdk/src/rp2_common/pico_standard_link/binary_info.c.obj
 .binary_info.keep.__bi_ptr38
                0x00000000100094b0        0x4 CMakeFiles/nascom_multiboard.dir/home/crook/retro/rasp_pi_pico/pico-sdk/src/rp2_common/pico_standard_link/binary_info.c.obj
 .binary_info.keep.__bi_ptr44
                0x00000000100094b4        0x4 CMakeFiles/nascom_multiboard.dir/home/crook/retro/rasp_pi_pico/pico-sdk/src/rp2_common/pico_standard_link/binary_info.c.obj
 .binary_info.keep.__bi_ptr50
                0x00000000100094b8        0x4 CMakeFiles/nascom_multiboard.dir/home/crook/retro/rasp_pi_pico/pico-sdk/src/rp2_common/pico_standard_link/binary_info.c.obj
 .binary_info.keep.__bi_ptr75
                0x00000000100094bc        0x4 CMakeFiles/nascom_multiboard.dir/home/crook/retro/rasp_pi_pico/pico-sdk/src/rp2_common/pico_standard_link/binary_info.c.obj
 .binary_info.keep.__bi_ptr81
                0x00000000100094c0        0x4 CMakeFiles/nascom_multiboard.dir/home/crook/retro/rasp_pi_pico/pico-sdk/src/rp2_common/pico_standard_link/binary_info.c.obj
 *(.binary_info.*)
 .binary_info.__bi_ptr118
                0x00000000100094c4        0x4 CMakeFiles/nascom_multiboard.dir/home/crook/retro/rasp_pi_pico/pico-sdk/src/rp2_common/pico_stdio_usb/stdio_usb.c.obj
                0x00000000100094c8                __binary_info_end = .
                0x00000000100094c8                . = ALIGN (0x4)
                0x00000000100094c8                __etext = .

.ram_vector_table
                0x0000000020000000       0xc0
 *(.ram_vector_table)
 .ram_vector_table
                0x0000000020000000       0xc0 CMakeFiles/nascom_multiboard.dir/home/crook/retro/rasp_pi_pico/pico-sdk/src/rp2_common/pico_runtime/runtime.c.obj
                0x0000000020000000                ram_vector_table

.data           0x00000000200000c0      0xbf8 load address 0x00000000100094c8
                0x00000000200000c0                __data_start__ = .
 *(vtable)
 *(.time_critical*)
 .time_critical.mutex_enter_blocking
                0x00000000200000c0       0x48 CMakeFiles/nascom_multiboard.dir/home/crook/retro/rasp_pi_pico/pico-sdk/src/common/pico_sync/mutex.c.obj
                0x00000000200000c0                mutex_enter_blocking
 .time_critical.mutex_try_enter
                0x0000000020000108       0x48 CMakeFiles/nascom_multiboard.dir/home/crook/retro/rasp_pi_pico/pico-sdk/src/common/pico_sync/mutex.c.obj
                0x0000000020000108                mutex_try_enter
 .time_critical.mutex_enter_timeout_ms
                0x0000000020000150       0xa4 CMakeFiles/nascom_multiboard.dir/home/crook/retro/rasp_pi_pico/pico-sdk/src/common/pico_sync/mutex.c.obj
                0x0000000020000150                mutex_enter_timeout_ms
 .time_critical.mutex_exit
                0x00000000200001f4       0x28 CMakeFiles/nascom_multiboard.dir/home/crook/retro/rasp_pi_pico/pico-sdk/src/common/pico_sync/mutex.c.obj
                0x00000000200001f4                mutex_exit
 .time_critical.flash_init_boot2_copyout
                0x000000002000021c       0x34 CMakeFiles/nascom_multiboard.dir/home/crook/retro/rasp_pi_pico/pico-sdk/src/rp2_common/hardware_flash/flash.c.obj
 .time_critical.flash_enable_xip_via_boot2
                0x0000000020000250       0x10 CMakeFiles/nascom_multiboard.dir/home/crook/retro/rasp_pi_pico/pico-sdk/src/rp2_common/hardware_flash/flash.c.obj
 .time_critical.flash_cs_force
                0x0000000020000260       0x38 CMakeFiles/nascom_multiboard.dir/home/crook/retro/rasp_pi_pico/pico-sdk/src/rp2_common/hardware_flash/flash.c.obj
 .time_critical.flash_do_cmd
                0x0000000020000298       0xac CMakeFiles/nascom_multiboard.dir/home/crook/retro/rasp_pi_pico/pico-sdk/src/rp2_common/hardware_flash/flash.c.obj
                0x0000000020000298                flash_do_cmd
 *(.text*)
 .text          0x0000000020000344        0x4 /usr/lib/gcc/arm-none-eabi/6.3.1/thumb/v6-m/libgcc.a(_dvmd_tls.o)
                0x0000000020000344                __aeabi_ldiv0
                0x0000000020000344                __aeabi_idiv0
 .text.__stub   0x0000000020000348       0x30 linker stubs
                0x0000000020000378                . = ALIGN (0x4)
 *(.rodata*)
                0x0000000020000378                . = ALIGN (0x4)
 *(.data*)
 .data.striped_spin_lock_num
                0x0000000020000378        0x1 CMakeFiles/nascom_multiboard.dir/home/crook/retro/rasp_pi_pico/pico-sdk/src/rp2_common/hardware_sync/sync.c.obj
 *fill*         0x0000000020000379        0x3 
 .data          0x000000002000037c       0x48 CMakeFiles/nascom_multiboard.dir/home/crook/retro/rasp_pi_pico/pico-sdk/src/rp2_common/hardware_irq/irq_handler_chain.S.obj
                0x000000002000037c                irq_handler_chain_slots
                0x00000000200003ac                irq_handler_chain_first_slot
                0x00000000200003b6                irq_handler_chain_remove_tail
 .data.default_alarm_pool
                0x00000000200003c4       0x18 CMakeFiles/nascom_multiboard.dir/home/crook/retro/rasp_pi_pico/pico-sdk/src/common/pico_time/time.c.obj
 .data.default_alarm_pool_heap
                0x00000000200003dc       0x10 CMakeFiles/nascom_multiboard.dir/home/crook/retro/rasp_pi_pico/pico-sdk/src/common/pico_time/time.c.obj
 *fill*         0x00000000200003ec        0x4 
 .data.aeabi_bits_funcs
                0x00000000200003f0       0x10 CMakeFiles/nascom_multiboard.dir/home/crook/retro/rasp_pi_pico/pico-sdk/src/rp2_common/pico_bit_ops/bit_ops_aeabi.S.obj
                0x00000000200003f0                aeabi_bits_funcs
                0x0000000020000400                aeabi_bits_funcs_end
 .data.aeabi_mem_funcs
                0x0000000020000400       0x10 CMakeFiles/nascom_multiboard.dir/home/crook/retro/rasp_pi_pico/pico-sdk/src/rp2_common/pico_mem_ops/mem_ops_aeabi.S.obj
                0x0000000020000400                aeabi_mem_funcs
                0x0000000020000410                aeabi_mem_funcs_end
 .data.stdio_usb
                0x0000000020000410       0x14 CMakeFiles/nascom_multiboard.dir/home/crook/retro/rasp_pi_pico/pico-sdk/src/rp2_common/pico_stdio_usb/stdio_usb.c.obj
                0x0000000020000410                stdio_usb
 .data.ep_dir_string
                0x0000000020000424        0x8 CMakeFiles/nascom_multiboard.dir/home/crook/retro/rasp_pi_pico/pico-sdk/lib/tinyusb/src/portable/raspberrypi/rp2040/rp2040_usb.c.obj
                0x0000000020000424                ep_dir_string
 .data._usbd_qdef
                0x000000002000042c       0x24 CMakeFiles/nascom_multiboard.dir/home/crook/retro/rasp_pi_pico/pico-sdk/lib/tinyusb/src/device/usbd.c.obj
                0x000000002000042c                _usbd_qdef
 .data          0x0000000020000450      0x430 /usr/lib/gcc/arm-none-eabi/6.3.1/../../../arm-none-eabi/lib/thumb/v6-m/libc.a(lib_a-impure.o)
                0x0000000020000450                _impure_ptr
 .data          0x0000000020000880      0x410 /usr/lib/gcc/arm-none-eabi/6.3.1/../../../arm-none-eabi/lib/thumb/v6-m/libc.a(lib_a-mallocr.o)
                0x0000000020000880                __malloc_av_
                0x0000000020000c88                __malloc_sbrk_base
                0x0000000020000c8c                __malloc_trim_threshold
                0x0000000020000c90                . = ALIGN (0x4)
 *(.after_data.*)
                0x0000000020000c90                . = ALIGN (0x4)
                0x0000000020000c90                PROVIDE (__mutex_array_start, .)
 *(SORT(.mutex_array.*))
 *(.mutex_array)
 .mutex_array   0x0000000020000c90        0x8 CMakeFiles/nascom_multiboard.dir/home/crook/retro/rasp_pi_pico/pico-sdk/src/rp2_common/pico_malloc/pico_malloc.c.obj
 .mutex_array   0x0000000020000c98        0x8 CMakeFiles/nascom_multiboard.dir/home/crook/retro/rasp_pi_pico/pico-sdk/src/rp2_common/pico_stdio/stdio.c.obj
                0x0000000020000ca0                PROVIDE (__mutex_array_end, .)
                0x0000000020000ca0                . = ALIGN (0x4)
                0x0000000020000ca0                PROVIDE (__preinit_array_start, .)
 *(SORT(.preinit_array.*))
 .preinit_array.00001
                0x0000000020000ca0        0x4 CMakeFiles/nascom_multiboard.dir/home/crook/retro/rasp_pi_pico/pico-sdk/src/rp2_common/pico_mem_ops/mem_ops_aeabi.S.obj
 .preinit_array.00010
                0x0000000020000ca4        0x4 CMakeFiles/nascom_multiboard.dir/home/crook/retro/rasp_pi_pico/pico-sdk/src/rp2_common/pico_bit_ops/bit_ops_aeabi.S.obj
 .preinit_array.00020
                0x0000000020000ca8        0x4 CMakeFiles/nascom_multiboard.dir/home/crook/retro/rasp_pi_pico/pico-sdk/src/rp2_common/pico_double/double_aeabi.S.obj
 .preinit_array.00020
                0x0000000020000cac        0x4 CMakeFiles/nascom_multiboard.dir/home/crook/retro/rasp_pi_pico/pico-sdk/src/rp2_common/pico_float/float_aeabi.S.obj
 *(.preinit_array)
                0x0000000020000cb0                PROVIDE (__preinit_array_end, .)
                0x0000000020000cb0                . = ALIGN (0x4)
                0x0000000020000cb0                PROVIDE (__init_array_start, .)
 *(SORT(.init_array.*))
 *(.init_array)
 .init_array    0x0000000020000cb0        0x4 /usr/lib/gcc/arm-none-eabi/6.3.1/thumb/v6-m/crtbegin.o
 .init_array    0x0000000020000cb4        0x4 CMakeFiles/nascom_multiboard.dir/home/crook/retro/rasp_pi_pico/pico-sdk/src/rp2_common/pico_unique_id/unique_id.c.obj
                0x0000000020000cb8                PROVIDE (__init_array_end, .)
                0x0000000020000cb8                . = ALIGN (0x4)
                0x0000000020000cb8                PROVIDE (__fini_array_start, .)
 *(SORT(.fini_array.*))
 *(.fini_array)
                0x0000000020000cb8                PROVIDE (__fini_array_end, .)
 *(.jcr)
 .jcr           0x0000000020000cb8        0x0 /usr/lib/gcc/arm-none-eabi/6.3.1/thumb/v6-m/crtbegin.o
                0x0000000020000cb8                . = ALIGN (0x4)
                0x0000000020000cb8                __data_end__ = .

.tm_clone_table
                0x0000000020000cb8        0x0 load address 0x000000001000a0c0
 .tm_clone_table
                0x0000000020000cb8        0x0 /usr/lib/gcc/arm-none-eabi/6.3.1/thumb/v6-m/crtbegin.o
 .tm_clone_table
                0x0000000020000cb8        0x0 /usr/lib/gcc/arm-none-eabi/6.3.1/thumb/v6-m/crtend.o

.igot.plt       0x0000000020000cb8        0x0 load address 0x000000001000a0c0
 .igot.plt      0x0000000020000cb8        0x0 /usr/lib/gcc/arm-none-eabi/6.3.1/thumb/v6-m/crtbegin.o

.uninitialized_data
                0x0000000020000cb8        0x0 load address 0x000000001000a0c0
                0x0000000020000cb8                . = ALIGN (0x4)
 *(.uninitialized_data*)

.scratch_x      0x0000000020040000        0x0 load address 0x000000001000a0c0
                0x0000000020040000                __scratch_x_start__ = .
 *(.scratch_x.*)
                0x0000000020040000                . = ALIGN (0x4)
                0x0000000020040000                __scratch_x_end__ = .
                0x000000001000a0c0                __scratch_x_source__ = LOADADDR (.scratch_x)

.scratch_y      0x0000000020041000        0x0 load address 0x000000001000a0c0
                0x0000000020041000                __scratch_y_start__ = .
 *(.scratch_y.*)
                0x0000000020041000                . = ALIGN (0x4)
                0x0000000020041000                __scratch_y_end__ = .
                0x000000001000a0c0                __scratch_y_source__ = LOADADDR (.scratch_y)

.bss            0x0000000020000cb8      0xdd0
                0x0000000020000cb8                . = ALIGN (0x4)
                0x0000000020000cb8                __bss_start__ = .
 *(SORT(.bss*))
 .bss.default_alarm_pool_entries
                0x0000000020000cb8      0x100 CMakeFiles/nascom_multiboard.dir/home/crook/retro/rasp_pi_pico/pico-sdk/src/common/pico_time/time.c.obj
 .bss.last_avail_time.7070
                0x0000000020000db8        0x8 CMakeFiles/nascom_multiboard.dir/home/crook/retro/rasp_pi_pico/pico-sdk/src/rp2_common/pico_stdio_usb/stdio_usb.c.obj
 .bss           0x0000000020000dc0       0x1c /usr/lib/gcc/arm-none-eabi/6.3.1/thumb/v6-m/crtbegin.o
 .bss           0x0000000020000ddc       0x34 /usr/lib/gcc/arm-none-eabi/6.3.1/../../../arm-none-eabi/lib/thumb/v6-m/libc.a(lib_a-mallocr.o)
                0x0000000020000ddc                __malloc_top_pad
                0x0000000020000de0                __malloc_current_mallinfo
                0x0000000020000e08                __malloc_max_sbrked_mem
                0x0000000020000e0c                __malloc_max_total_mem
 .bss._app_driver
                0x0000000020000e10        0x4 CMakeFiles/nascom_multiboard.dir/home/crook/retro/rasp_pi_pico/pico-sdk/lib/tinyusb/src/device/usbd.c.obj
 .bss._cdcd_itf
                0x0000000020000e14      0x2d8 CMakeFiles/nascom_multiboard.dir/home/crook/retro/rasp_pi_pico/pico-sdk/lib/tinyusb/src/class/cdc/cdc_device.c.obj
 .bss._ctrl_xfer
                0x00000000200010ec       0x14 CMakeFiles/nascom_multiboard.dir/home/crook/retro/rasp_pi_pico/pico-sdk/lib/tinyusb/src/device/usbd_control.c.obj
 .bss._ubsd_mutexdef
                0x0000000020001100        0x8 CMakeFiles/nascom_multiboard.dir/home/crook/retro/rasp_pi_pico/pico-sdk/lib/tinyusb/src/device/usbd.c.obj
 .bss._usbd_ctrl_buf
                0x0000000020001108       0x40 CMakeFiles/nascom_multiboard.dir/home/crook/retro/rasp_pi_pico/pico-sdk/lib/tinyusb/src/device/usbd_control.c.obj
 .bss._usbd_dev
                0x0000000020001148       0x53 CMakeFiles/nascom_multiboard.dir/home/crook/retro/rasp_pi_pico/pico-sdk/lib/tinyusb/src/device/usbd.c.obj
 *fill*         0x000000002000119b        0x1 
 .bss._usbd_mutex
                0x000000002000119c        0x4 CMakeFiles/nascom_multiboard.dir/home/crook/retro/rasp_pi_pico/pico-sdk/lib/tinyusb/src/device/usbd.c.obj
 .bss._usbd_q   0x00000000200011a0        0x4 CMakeFiles/nascom_multiboard.dir/home/crook/retro/rasp_pi_pico/pico-sdk/lib/tinyusb/src/device/usbd.c.obj
 .bss.alarm_callbacks
                0x00000000200011a4       0x10 CMakeFiles/nascom_multiboard.dir/home/crook/retro/rasp_pi_pico/pico-sdk/src/rp2_common/hardware_timer/timer.c.obj
 .bss.boot2_copyout
                0x00000000200011b4      0x100 CMakeFiles/nascom_multiboard.dir/home/crook/retro/rasp_pi_pico/pico-sdk/src/rp2_common/hardware_flash/flash.c.obj
 .bss.claimed   0x00000000200012b4        0x4 CMakeFiles/nascom_multiboard.dir/home/crook/retro/rasp_pi_pico/pico-sdk/src/rp2_common/hardware_sync/sync.c.obj
 .bss.configured_freq
                0x00000000200012b8       0x28 CMakeFiles/nascom_multiboard.dir/home/crook/retro/rasp_pi_pico/pico-sdk/src/rp2_common/hardware_clocks/clocks.c.obj
 .bss.default_alarm_pool_entry_ids_high
                0x00000000200012e0       0x10 CMakeFiles/nascom_multiboard.dir/home/crook/retro/rasp_pi_pico/pico-sdk/src/common/pico_time/time.c.obj
 .bss.default_alarm_pool_heap_nodes
                0x00000000200012f0       0x30 CMakeFiles/nascom_multiboard.dir/home/crook/retro/rasp_pi_pico/pico-sdk/src/common/pico_time/time.c.obj
 .bss.desc_str.6955
                0x0000000020001320       0x28 CMakeFiles/nascom_multiboard.dir/home/crook/retro/rasp_pi_pico/pico-sdk/src/rp2_common/pico_stdio_usb/stdio_usb_descriptors.c.obj
 .bss.drivers   0x0000000020001348        0x4 CMakeFiles/nascom_multiboard.dir/home/crook/retro/rasp_pi_pico/pico-sdk/src/rp2_common/pico_stdio/stdio.c.obj
 .bss.filter    0x000000002000134c        0x4 CMakeFiles/nascom_multiboard.dir/home/crook/retro/rasp_pi_pico/pico-sdk/src/rp2_common/pico_stdio/stdio.c.obj
 .bss.heap_end.5786
                0x0000000020001350        0x4 CMakeFiles/nascom_multiboard.dir/home/crook/retro/rasp_pi_pico/pico-sdk/src/rp2_common/pico_runtime/runtime.c.obj
 .bss.hw_endpoints
                0x0000000020001354      0x400 CMakeFiles/nascom_multiboard.dir/home/crook/retro/rasp_pi_pico/pico-sdk/lib/tinyusb/src/portable/raspberrypi/rp2040/dcd_rp2040.c.obj
 .bss.lazy_vsnprintf
                0x0000000020001754        0x4 CMakeFiles/nascom_multiboard.dir/home/crook/retro/rasp_pi_pico/pico-sdk/src/rp2_common/pico_printf/printf.c.obj
 .bss.load_value
                0x0000000020001758        0x4 CMakeFiles/nascom_multiboard.dir/home/crook/retro/rasp_pi_pico/pico-sdk/src/rp2_common/hardware_watchdog/watchdog.c.obj
 .bss.next_buffer_ptr
                0x000000002000175c        0x4 CMakeFiles/nascom_multiboard.dir/home/crook/retro/rasp_pi_pico/pico-sdk/lib/tinyusb/src/portable/raspberrypi/rp2040/dcd_rp2040.c.obj
 .bss.pools     0x0000000020001760       0x10 CMakeFiles/nascom_multiboard.dir/home/crook/retro/rasp_pi_pico/pico-sdk/src/common/pico_time/time.c.obj
 .bss.retrieved_id
                0x0000000020001770        0x8 CMakeFiles/nascom_multiboard.dir/home/crook/retro/rasp_pi_pico/pico-sdk/src/rp2_common/pico_unique_id/unique_id.c.obj
 .bss.sf_clz_func
                0x0000000020001778        0x4 CMakeFiles/nascom_multiboard.dir/home/crook/retro/rasp_pi_pico/pico-sdk/src/rp2_common/pico_double/double_init_rom.c.obj
                0x0000000020001778                sf_clz_func
 .bss.sleep_notifier
                0x000000002000177c        0x4 CMakeFiles/nascom_multiboard.dir/home/crook/retro/rasp_pi_pico/pico-sdk/src/common/pico_time/time.c.obj
 .bss.stdio_usb_mutex
                0x0000000020001780        0x8 CMakeFiles/nascom_multiboard.dir/home/crook/retro/rasp_pi_pico/pico-sdk/src/rp2_common/pico_stdio_usb/stdio_usb.c.obj
 .bss.target_hi
                0x0000000020001788       0x10 CMakeFiles/nascom_multiboard.dir/home/crook/retro/rasp_pi_pico/pico-sdk/src/rp2_common/hardware_timer/timer.c.obj
 .bss.usbd_serial_str
                0x0000000020001798       0x11 CMakeFiles/nascom_multiboard.dir/home/crook/retro/rasp_pi_pico/pico-sdk/src/rp2_common/pico_stdio_usb/stdio_usb_descriptors.c.obj
 *fill*         0x00000000200017a9        0x3 
 .bss.user_irq_claimed
                0x00000000200017ac        0x2 CMakeFiles/nascom_multiboard.dir/home/crook/retro/rasp_pi_pico/pico-sdk/src/rp2_common/hardware_irq/irq.c.obj
 .bss._app_driver_count
                0x00000000200017ae        0x1 CMakeFiles/nascom_multiboard.dir/home/crook/retro/rasp_pi_pico/pico-sdk/lib/tinyusb/src/device/usbd.c.obj
 .bss._usbd_initialized
                0x00000000200017af        0x1 CMakeFiles/nascom_multiboard.dir/home/crook/retro/rasp_pi_pico/pico-sdk/lib/tinyusb/src/device/usbd.c.obj
 .bss.boot2_copyout_valid
                0x00000000200017b0        0x1 CMakeFiles/nascom_multiboard.dir/home/crook/retro/rasp_pi_pico/pico-sdk/src/rp2_common/hardware_flash/flash.c.obj
 .bss.claimed   0x00000000200017b1        0x1 CMakeFiles/nascom_multiboard.dir/home/crook/retro/rasp_pi_pico/pico-sdk/src/rp2_common/hardware_timer/timer.c.obj
 .bss.irq_hander_chain_free_slot_head
                0x00000000200017b2        0x1 CMakeFiles/nascom_multiboard.dir/home/crook/retro/rasp_pi_pico/pico-sdk/src/rp2_common/hardware_irq/irq.c.obj
 .bss.itf_num   0x00000000200017b3        0x1 CMakeFiles/nascom_multiboard.dir/home/crook/retro/rasp_pi_pico/pico-sdk/src/rp2_common/pico_stdio_usb/reset_interface.c.obj
 .bss.low_priority_irq_num
                0x00000000200017b4        0x1 CMakeFiles/nascom_multiboard.dir/home/crook/retro/rasp_pi_pico/pico-sdk/src/rp2_common/pico_stdio_usb/stdio_usb.c.obj
 .bss.timer_callbacks_pending
                0x00000000200017b5        0x1 CMakeFiles/nascom_multiboard.dir/home/crook/retro/rasp_pi_pico/pico-sdk/src/rp2_common/hardware_timer/timer.c.obj
 *(COMMON)
 *fill*         0x00000000200017b6        0x2 
 COMMON         0x00000000200017b8        0xc CMakeFiles/nascom_multiboard.dir/nascom_multiboard.c.obj
                0x00000000200017b8                nscan_drive
                0x00000000200017bc                nkmap
 COMMON         0x00000000200017c4      0x100 CMakeFiles/nascom_multiboard.dir/home/crook/retro/rasp_pi_pico/pico-sdk/src/rp2_common/pico_double/double_init_rom.c.obj
                0x00000000200017c4                sd_table
 COMMON         0x00000000200018c4      0x100 CMakeFiles/nascom_multiboard.dir/home/crook/retro/rasp_pi_pico/pico-sdk/src/rp2_common/pico_float/float_init_rom.c.obj
                0x00000000200018c4                sf_table
 COMMON         0x00000000200019c4       0xc0 CMakeFiles/nascom_multiboard.dir/home/crook/retro/rasp_pi_pico/pico-sdk/lib/tinyusb/src/device/usbd.c.obj
                0x00000000200019c4                _usbd_qdef_buf
 COMMON         0x0000000020001a84        0x4 /usr/lib/gcc/arm-none-eabi/6.3.1/../../../arm-none-eabi/lib/thumb/v6-m/libc.a(lib_a-reent.o)
                0x0000000020001a84                errno
                0x0000000020001a88                . = ALIGN (0x4)
                0x0000000020001a88                __bss_end__ = .

.heap           0x0000000020001a88      0x800
                0x0000000020001a88                __end__ = .
                0x0000000020001a88                end = __end__
 *(.heap*)
 .heap          0x0000000020001a88      0x800 CMakeFiles/nascom_multiboard.dir/home/crook/retro/rasp_pi_pico/pico-sdk/src/rp2_common/pico_standard_link/crt0.S.obj
                0x0000000020002288                __HeapLimit = .

.stack1_dummy   0x0000000020040000      0x800
 *(.stack1*)
 .stack1        0x0000000020040000      0x800 CMakeFiles/nascom_multiboard.dir/home/crook/retro/rasp_pi_pico/pico-sdk/src/rp2_common/pico_multicore/multicore.c.obj

.stack_dummy    0x0000000020041000      0x800
 *(.stack*)
 .stack         0x0000000020041000      0x800 CMakeFiles/nascom_multiboard.dir/home/crook/retro/rasp_pi_pico/pico-sdk/src/rp2_common/pico_standard_link/crt0.S.obj

.flash_end      0x000000001000a0c0        0x0
                0x000000001000a0c0                __flash_binary_end = .
                0x0000000020040000                __StackLimit = (ORIGIN (RAM) + LENGTH (RAM))
                0x0000000020041000                __StackOneTop = (ORIGIN (SCRATCH_X) + LENGTH (SCRATCH_X))
                0x0000000020042000                __StackTop = (ORIGIN (SCRATCH_Y) + LENGTH (SCRATCH_Y))
                0x0000000020040800                __StackOneBottom = (__StackOneTop - SIZEOF (.stack1_dummy))
                0x0000000020041800                __StackBottom = (__StackTop - SIZEOF (.stack_dummy))
                0x0000000020042000                PROVIDE (__stack, __StackTop)
                0x0000000000000001                ASSERT ((__StackLimit >= __HeapLimit), region RAM overflowed)
                0x0000000000000001                ASSERT (((__binary_info_header_end - __logical_binary_start) <= 0x100), Binary info must be in first 256 bytes of the binary)
LOAD CMakeFiles/nascom_multiboard.dir/nascom_multiboard.c.obj
LOAD CMakeFiles/nascom_multiboard.dir/home/crook/retro/rasp_pi_pico/pico-sdk/src/rp2_common/pico_stdlib/stdlib.c.obj
LOAD CMakeFiles/nascom_multiboard.dir/home/crook/retro/rasp_pi_pico/pico-sdk/src/rp2_common/hardware_gpio/gpio.c.obj
LOAD CMakeFiles/nascom_multiboard.dir/home/crook/retro/rasp_pi_pico/pico-sdk/src/rp2_common/hardware_claim/claim.c.obj
LOAD CMakeFiles/nascom_multiboard.dir/home/crook/retro/rasp_pi_pico/pico-sdk/src/rp2_common/pico_platform/platform.c.obj
LOAD CMakeFiles/nascom_multiboard.dir/home/crook/retro/rasp_pi_pico/pico-sdk/src/rp2_common/hardware_sync/sync.c.obj
LOAD CMakeFiles/nascom_multiboard.dir/home/crook/retro/rasp_pi_pico/pico-sdk/src/rp2_common/hardware_irq/irq.c.obj
LOAD CMakeFiles/nascom_multiboard.dir/home/crook/retro/rasp_pi_pico/pico-sdk/src/rp2_common/hardware_irq/irq_handler_chain.S.obj
LOAD CMakeFiles/nascom_multiboard.dir/home/crook/retro/rasp_pi_pico/pico-sdk/src/common/pico_sync/sem.c.obj
LOAD CMakeFiles/nascom_multiboard.dir/home/crook/retro/rasp_pi_pico/pico-sdk/src/common/pico_sync/lock_core.c.obj
LOAD CMakeFiles/nascom_multiboard.dir/home/crook/retro/rasp_pi_pico/pico-sdk/src/common/pico_time/time.c.obj
LOAD CMakeFiles/nascom_multiboard.dir/home/crook/retro/rasp_pi_pico/pico-sdk/src/common/pico_time/timeout_helper.c.obj
LOAD CMakeFiles/nascom_multiboard.dir/home/crook/retro/rasp_pi_pico/pico-sdk/src/rp2_common/hardware_timer/timer.c.obj
LOAD CMakeFiles/nascom_multiboard.dir/home/crook/retro/rasp_pi_pico/pico-sdk/src/common/pico_util/datetime.c.obj
LOAD CMakeFiles/nascom_multiboard.dir/home/crook/retro/rasp_pi_pico/pico-sdk/src/common/pico_util/pheap.c.obj
LOAD CMakeFiles/nascom_multiboard.dir/home/crook/retro/rasp_pi_pico/pico-sdk/src/common/pico_util/queue.c.obj
LOAD CMakeFiles/nascom_multiboard.dir/home/crook/retro/rasp_pi_pico/pico-sdk/src/common/pico_sync/mutex.c.obj
LOAD CMakeFiles/nascom_multiboard.dir/home/crook/retro/rasp_pi_pico/pico-sdk/src/common/pico_sync/critical_section.c.obj
LOAD CMakeFiles/nascom_multiboard.dir/home/crook/retro/rasp_pi_pico/pico-sdk/src/rp2_common/hardware_uart/uart.c.obj
LOAD CMakeFiles/nascom_multiboard.dir/home/crook/retro/rasp_pi_pico/pico-sdk/src/rp2_common/hardware_divider/divider.S.obj
LOAD CMakeFiles/nascom_multiboard.dir/home/crook/retro/rasp_pi_pico/pico-sdk/src/rp2_common/pico_runtime/runtime.c.obj
LOAD CMakeFiles/nascom_multiboard.dir/home/crook/retro/rasp_pi_pico/pico-sdk/src/rp2_common/hardware_clocks/clocks.c.obj
LOAD CMakeFiles/nascom_multiboard.dir/home/crook/retro/rasp_pi_pico/pico-sdk/src/rp2_common/hardware_pll/pll.c.obj
LOAD CMakeFiles/nascom_multiboard.dir/home/crook/retro/rasp_pi_pico/pico-sdk/src/rp2_common/hardware_vreg/vreg.c.obj
LOAD CMakeFiles/nascom_multiboard.dir/home/crook/retro/rasp_pi_pico/pico-sdk/src/rp2_common/hardware_watchdog/watchdog.c.obj
LOAD CMakeFiles/nascom_multiboard.dir/home/crook/retro/rasp_pi_pico/pico-sdk/src/rp2_common/hardware_xosc/xosc.c.obj
LOAD CMakeFiles/nascom_multiboard.dir/home/crook/retro/rasp_pi_pico/pico-sdk/src/rp2_common/pico_printf/printf.c.obj
LOAD CMakeFiles/nascom_multiboard.dir/home/crook/retro/rasp_pi_pico/pico-sdk/src/rp2_common/pico_bit_ops/bit_ops_aeabi.S.obj
LOAD CMakeFiles/nascom_multiboard.dir/home/crook/retro/rasp_pi_pico/pico-sdk/src/rp2_common/pico_bootrom/bootrom.c.obj
LOAD CMakeFiles/nascom_multiboard.dir/home/crook/retro/rasp_pi_pico/pico-sdk/src/rp2_common/pico_divider/divider.S.obj